Component: ARM Compiler 5.06 update 5 (build 528) Tool: armlink [4d35e2]

==============================================================================

Section Cross References

    main.o(i.HAL_CAN_ErrorCallback) refers to can.o(i.HAL_CAN_MspDeInit) for HAL_CAN_MspDeInit
    main.o(i.HAL_CAN_ErrorCallback) refers to can.o(i.HAL_CAN_MspInit) for HAL_CAN_MspInit
    main.o(i.HAL_CAN_ErrorCallback) refers to stm32f1xx_hal_can.o(i.HAL_CAN_Receive_IT) for HAL_CAN_Receive_IT
    main.o(i.HAL_CAN_RxCpltCallback) refers to memseta.o(.text) for __aeabi_memclr4
    main.o(i.HAL_CAN_RxCpltCallback) refers to stm32f1xx_hal_can.o(i.HAL_CAN_Receive) for HAL_CAN_Receive
    main.o(i.HAL_CAN_RxCpltCallback) refers to printfa.o(i.__0sprintf) for __2sprintf
    main.o(i.HAL_CAN_RxCpltCallback) refers to oled.o(i.OLED_ShowString) for OLED_ShowString
    main.o(i.HAL_CAN_RxCpltCallback) refers to stm32f1xx_hal_can.o(i.HAL_CAN_Receive_IT) for HAL_CAN_Receive_IT
    main.o(i.HAL_CAN_RxCpltCallback) refers to main.o(.data) for mag
    main.o(i.HAL_GPIO_EXTI_Callback) refers to memseta.o(.text) for __aeabi_memclr4
    main.o(i.HAL_GPIO_EXTI_Callback) refers to usart.o(i.uart1_read) for uart1_read
    main.o(i.HAL_GPIO_EXTI_Callback) refers to sensor.o(i.packet_parser) for packet_parser
    main.o(i.HAL_GPIO_EXTI_Callback) refers to stm32f1xx_hal_uart.o(i.HAL_UART_Abort) for HAL_UART_Abort
    main.o(i.HAL_GPIO_EXTI_Callback) refers to main.o(.data) for dist
    main.o(i.HAL_GPIO_EXTI_Callback) refers to usart.o(.bss) for huart1
    main.o(i.HAL_TIM_PeriodElapsedCallback) refers to memseta.o(.text) for __aeabi_memclr4
    main.o(i.HAL_TIM_PeriodElapsedCallback) refers to printfa.o(i.__0sprintf) for __2sprintf
    main.o(i.HAL_TIM_PeriodElapsedCallback) refers to oled.o(i.OLED_ShowString) for OLED_ShowString
    main.o(i.HAL_TIM_PeriodElapsedCallback) refers to ffltui.o(.text) for __aeabi_ui2f
    main.o(i.HAL_TIM_PeriodElapsedCallback) refers to fdiv.o(.text) for __aeabi_fdiv
    main.o(i.HAL_TIM_PeriodElapsedCallback) refers to f2d.o(.text) for __aeabi_f2d
    main.o(i.HAL_TIM_PeriodElapsedCallback) refers to main.o(.data) for dev
    main.o(i.HAL_UART_ErrorCallback) refers to usart.o(.bss) for huart2
    main.o(i.HAL_UART_ErrorCallback) refers to main.o(.data) for uart2_rx_done
    main.o(i.HAL_UART_RxCpltCallback) refers to usart.o(.bss) for huart2
    main.o(i.HAL_UART_RxCpltCallback) refers to main.o(.data) for uart2_rx_done
    main.o(i.SystemClock_Config) refers to stm32f1xx_hal_rcc.o(i.HAL_RCC_OscConfig) for HAL_RCC_OscConfig
    main.o(i.SystemClock_Config) refers to main.o(i._Error_Handler) for _Error_Handler
    main.o(i.SystemClock_Config) refers to stm32f1xx_hal_rcc.o(i.HAL_RCC_ClockConfig) for HAL_RCC_ClockConfig
    main.o(i.SystemClock_Config) refers to stm32f1xx_hal_rcc.o(i.HAL_RCC_GetHCLKFreq) for HAL_RCC_GetHCLKFreq
    main.o(i.SystemClock_Config) refers to stm32f1xx_hal_cortex.o(i.HAL_SYSTICK_Config) for HAL_SYSTICK_Config
    main.o(i.SystemClock_Config) refers to stm32f1xx_hal_cortex.o(i.HAL_SYSTICK_CLKSourceConfig) for HAL_SYSTICK_CLKSourceConfig
    main.o(i.SystemClock_Config) refers to stm32f1xx_hal_cortex.o(i.HAL_NVIC_SetPriority) for HAL_NVIC_SetPriority
    main.o(i.main) refers to memseta.o(.text) for __aeabi_memclr4
    main.o(i.main) refers to stm32f1xx_hal.o(i.HAL_Init) for HAL_Init
    main.o(i.main) refers to main.o(i.SystemClock_Config) for SystemClock_Config
    main.o(i.main) refers to gpio.o(i.MX_GPIO_Init) for MX_GPIO_Init
    main.o(i.main) refers to i2c.o(i.MX_I2C1_Init) for MX_I2C1_Init
    main.o(i.main) refers to can.o(i.MX_CAN_Init) for MX_CAN_Init
    main.o(i.main) refers to usart.o(i.MX_USART1_UART_Init) for MX_USART1_UART_Init
    main.o(i.main) refers to usart.o(i.MX_USART2_UART_Init) for MX_USART2_UART_Init
    main.o(i.main) refers to tim.o(i.MX_TIM2_Init) for MX_TIM2_Init
    main.o(i.main) refers to stm32f1xx_hal_can.o(i.HAL_CAN_ConfigFilter) for HAL_CAN_ConfigFilter
    main.o(i.main) refers to stm32f1xx_hal_can.o(i.HAL_CAN_WakeUp) for HAL_CAN_WakeUp
    main.o(i.main) refers to stm32f1xx_hal_tim.o(i.HAL_TIM_Base_Stop_IT) for HAL_TIM_Base_Stop_IT
    main.o(i.main) refers to stm32f1xx_hal.o(i.HAL_Delay) for HAL_Delay
    main.o(i.main) refers to oled.o(i.OLED_Init) for OLED_Init
    main.o(i.main) refers to oled.o(i.OLED_ShowString) for OLED_ShowString
    main.o(i.main) refers to stm32f1xx_hal_can.o(i.HAL_CAN_Transmit) for HAL_CAN_Transmit
    main.o(i.main) refers to stm32f1xx_hal_can.o(i.HAL_CAN_Receive) for HAL_CAN_Receive
    main.o(i.main) refers to stm32f1xx_hal_can.o(i.HAL_CAN_Receive_IT) for HAL_CAN_Receive_IT
    main.o(i.main) refers to sensor.o(i.continuous_Stop) for continuous_Stop
    main.o(i.main) refers to usart.o(i.uart1_read) for uart1_read
    main.o(i.main) refers to sensor.o(i.sensor_get_DeviceInfo) for sensor_get_DeviceInfo
    main.o(i.main) refers to printfa.o(i.__0sprintf) for __2sprintf
[...]
    Removing stm32f1xx_hal_pwr.o(i.HAL_PWR_DeInit), (28 bytes).
    Removing stm32f1xx_hal_pwr.o(i.HAL_PWR_DisableBkUpAccess), (12 bytes).
    Removing stm32f1xx_hal_pwr.o(i.HAL_PWR_DisablePVD), (12 bytes).
    Removing stm32f1xx_hal_pwr.o(i.HAL_PWR_DisableSEVOnPend), (20 bytes).
    Removing stm32f1xx_hal_pwr.o(i.HAL_PWR_DisableSleepOnExit), (20 bytes).
    Removing stm32f1xx_hal_pwr.o(i.HAL_PWR_DisableWakeUpPin), (28 bytes).
    Removing stm32f1xx_hal_pwr.o(i.HAL_PWR_EnableBkUpAccess), (12 bytes).
    Removing stm32f1xx_hal_pwr.o(i.HAL_PWR_EnablePVD), (12 bytes).
    Removing stm32f1xx_hal_pwr.o(i.HAL_PWR_EnableSEVOnPend), (20 bytes).
    Removing stm32f1xx_hal_pwr.o(i.HAL_PWR_EnableSleepOnExit), (20 bytes).
    Removing stm32f1xx_hal_pwr.o(i.HAL_PWR_EnableWakeUpPin), (28 bytes).
    Removing stm32f1xx_hal_pwr.o(i.HAL_PWR_EnterSLEEPMode), (32 bytes).
    Removing stm32f1xx_hal_pwr.o(i.HAL_PWR_EnterSTANDBYMode), (40 bytes).
    Removing stm32f1xx_hal_pwr.o(i.HAL_PWR_EnterSTOPMode), (84 bytes).
    Removing stm32f1xx_hal_pwr.o(i.HAL_PWR_PVDCallback), (2 bytes).
    Removing stm32f1xx_hal_pwr.o(i.HAL_PWR_PVD_IRQHandler), (32 bytes).
    Removing stm32f1xx_hal_pwr.o(i.PWR_OverloadWfe), (6 bytes).
    Removing stm32f1xx_hal_dma.o(.rev16_text), (4 bytes).
    Removing stm32f1xx_hal_dma.o(.revsh_text), (4 bytes).
    Removing stm32f1xx_hal_dma.o(.rrx_text), (6 bytes).
    Removing stm32f1xx_hal_dma.o(i.DMA_SetConfig), (44 bytes).
    Removing stm32f1xx_hal_dma.o(i.HAL_DMA_DeInit), (96 bytes).
    Removing stm32f1xx_hal_dma.o(i.HAL_DMA_GetError), (6 bytes).
    Removing stm32f1xx_hal_dma.o(i.HAL_DMA_GetState), (8 bytes).
    Removing stm32f1xx_hal_dma.o(i.HAL_DMA_IRQHandler), (412 bytes).
    Removing stm32f1xx_hal_dma.o(i.HAL_DMA_Init), (112 bytes).
    Removing stm32f1xx_hal_dma.o(i.HAL_DMA_PollForTransfer), (692 bytes).
    Removing stm32f1xx_hal_dma.o(i.HAL_DMA_RegisterCallback), (90 bytes).
    Removing stm32f1xx_hal_dma.o(i.HAL_DMA_Start), (114 bytes).
    Removing stm32f1xx_hal_dma.o(i.HAL_DMA_Start_IT), (156 bytes).
    Removing stm32f1xx_hal_dma.o(i.HAL_DMA_UnRegisterCallback), (106 bytes).
    Removing stm32f1xx_hal_can.o(.rev16_text), (4 bytes).
    Removing stm32f1xx_hal_can.o(.revsh_text), (4 bytes).
    Removing stm32f1xx_hal_can.o(.rrx_text), (6 bytes).
    Removing stm32f1xx_hal_can.o(i.HAL_CAN_DeInit), (40 bytes).
    Removing stm32f1xx_hal_can.o(i.HAL_CAN_ErrorCallback), (2 bytes).
    Removing stm32f1xx_hal_can.o(i.HAL_CAN_GetError), (6 bytes).
    Removing stm32f1xx_hal_can.o(i.HAL_CAN_GetState), (8 bytes).
    Removing stm32f1xx_hal_can.o(i.HAL_CAN_MspDeInit), (2 bytes).
    Removing stm32f1xx_hal_can.o(i.HAL_CAN_MspInit), (2 bytes).
    Removing stm32f1xx_hal_can.o(i.HAL_CAN_RxCpltCallback), (2 bytes).
    Removing stm32f1xx_hal_can.o(i.HAL_CAN_Sleep), (166 bytes).
    Removing stm32f1xx_hal_can.o(i.HAL_CAN_Transmit_IT), (494 bytes).
    Removing stm32f1xx_hal_rcc.o(.rev16_text), (4 bytes).
    Removing stm32f1xx_hal_rcc.o(.revsh_text), (4 bytes).
    Removing stm32f1xx_hal_rcc.o(.rrx_text), (6 bytes).
    Removing stm32f1xx_hal_rcc.o(i.HAL_RCC_CSSCallback), (2 bytes).
    Removing stm32f1xx_hal_rcc.o(i.HAL_RCC_DeInit), (80 bytes).
    Removing stm32f1xx_hal_rcc.o(i.HAL_RCC_DisableCSS), (12 bytes).
    Removing stm32f1xx_hal_rcc.o(i.HAL_RCC_EnableCSS), (12 bytes).
    Removing stm32f1xx_hal_rcc.o(i.HAL_RCC_GetClockConfig), (68 bytes).
    Removing stm32f1xx_hal_rcc.o(i.HAL_RCC_GetOscConfig), (200 bytes).
    Removing stm32f1xx_hal_rcc.o(i.HAL_RCC_MCOConfig), (100 bytes).
    Removing stm32f1xx_hal_rcc.o(i.HAL_RCC_NMI_IRQHandler), (32 bytes).
    Removing stm32f1xx_hal_cortex.o(.rev16_text), (4 bytes).
    Removing stm32f1xx_hal_cortex.o(.revsh_text), (4 bytes).
    Removing stm32f1xx_hal_cortex.o(.rrx_text), (6 bytes).
    Removing stm32f1xx_hal_cortex.o(i.HAL_NVIC_ClearPendingIRQ), (28 bytes).
    Removing stm32f1xx_hal_cortex.o(i.HAL_NVIC_GetActive), (40 bytes).
    Removing stm32f1xx_hal_cortex.o(i.HAL_NVIC_GetPendingIRQ), (40 bytes).
    Removing stm32f1xx_hal_cortex.o(i.HAL_NVIC_GetPriority), (148 bytes).
    Removing stm32f1xx_hal_cortex.o(i.HAL_NVIC_GetPriorityGrouping), (8 bytes).
    Removing stm32f1xx_hal_cortex.o(i.HAL_NVIC_SetPendingIRQ), (28 bytes).
    Removing stm32f1xx_hal_cortex.o(i.HAL_NVIC_SystemReset), (68 bytes).
    Removing stm32f1xx_hal_gpio_ex.o(.rev16_text), (4 bytes).
    Removing stm32f1xx_hal_gpio_ex.o(.revsh_text), (4 bytes).
    Removing stm32f1xx_hal_gpio_ex.o(.rrx_text), (6 bytes).
    Removing stm32f1xx_hal_gpio_ex.o(i.HAL_GPIOEx_ConfigEventout), (24 bytes).
    Removing stm32f1xx_hal_gpio_ex.o(i.HAL_GPIOEx_DisableEventout), (20 bytes).
    Removing stm32f1xx_hal_gpio_ex.o(i.HAL_GPIOEx_EnableEventout), (20 bytes).
    Removing fadd.o(.text), (176 bytes).
    Removing fmul.o(.text), (100 bytes).
    Removing ffixui.o(.text), (40 bytes).

460 unused section(s) (total 39966 bytes) removed from the image.

==============================================================================

Image Symbol Table

    Local Symbols

    Symbol Name                              Value     Ov Type        Size  Object(Section)

    ../Drivers/STM32F1xx_HAL_Driver/Src/stm32f1xx_hal.c 0x00000000   Number         0  stm32f1xx_hal.o ABSOLUTE
    ../Drivers/STM32F1xx_HAL_Driver/Src/stm32f1xx_hal_can.c 0x00000000   Number         0  stm32f1xx_hal_can.o ABSOLUTE
    ../Drivers/STM32F1xx_HAL_Driver/Src/stm32f1xx_hal_cortex.c 0x00000000   Number         0  stm32f1xx_hal_cortex.o ABSOLUTE
    ../Drivers/STM32F1xx_HAL_Driver/Src/stm32f1xx_hal_dma.c 0x00000000   Number         0  stm32f1xx_hal_dma.o ABSOLUTE
    ../Drivers/STM32F1xx_HAL_Driver/Src/stm32f1xx_hal_flash.c 0x00000000   Number         0  stm32f1xx_hal_flash.o ABSOLUTE
    ../Drivers/STM32F1xx_HAL_Driver/Src/stm32f1xx_hal_flash_ex.c 0x00000000   Number         0  stm32f1xx_hal_flash_ex.o ABSOLUTE
    ../Drivers/STM32F1xx_HAL_Driver/Src/stm32f1xx_hal_gpio.c 0x00000000   Number         0  stm32f1xx_hal_gpio.o ABSOLUTE
    ../Drivers/STM32F1xx_HAL_Driver/Src/stm32f1xx_hal_gpio_ex.c 0x00000000   Number         0  stm32f1xx_hal_gpio_ex.o ABSOLUTE
    ../Drivers/STM32F1xx_HAL_Driver/Src/stm32f1xx_hal_i2c.c 0x00000000   Number         0  stm32f1xx_hal_i2c.o ABSOLUTE
    ../Drivers/STM32F1xx_HAL_Driver/Src/stm32f1xx_hal_pwr.c 0x00000000   Number         0  stm32f1xx_hal_pwr.o ABSOLUTE
    ../Drivers/STM32F1xx_HAL_Driver/Src/stm32f1xx_hal_rcc.c 0x00000000   Number         0  stm32f1xx_hal_rcc.o ABSOLUTE
    ../Drivers/STM32F1xx_HAL_Driver/Src/stm32f1xx_hal_rcc_ex.c 0x00000000   Number         0  stm32f1xx_hal_rcc_ex.o ABSOLUTE
    ../Drivers/STM32F1xx_HAL_Driver/Src/stm32f1xx_hal_tim.c 0x00000000   Number         0  stm32f1xx_hal_tim.o ABSOLUTE
    ../Drivers/STM32F1xx_HAL_Driver/Src/stm32f1xx_hal_tim_ex.c 0x00000000   Number         0  stm32f1xx_hal_tim_ex.o ABSOLUTE
    ../Drivers/STM32F1xx_HAL_Driver/Src/stm32f1xx_hal_uart.c 0x00000000   Number         0  stm32f1xx_hal_uart.o ABSOLUTE
    ../Src/can.c                             0x00000000   Number         0  can.o ABSOLUTE
    ../Src/gpio.c                            0x00000000   Number         0  gpio.o ABSOLUTE
    ../Src/i2c.c                             0x00000000   Number         0  i2c.o ABSOLUTE
    ../Src/main.c                            0x00000000   Number         0  main.o ABSOLUTE
    ../Src/stm32f1xx_hal_msp.c               0x00000000   Number         0  stm32f1xx_hal_msp.o ABSOLUTE
    ../Src/stm32f1xx_it.c                    0x00000000   Number         0  stm32f1xx_it.o ABSOLUTE
    ../Src/system_stm32f1xx.c                0x00000000   Number         0  system_stm32f1xx.o ABSOLUTE
    ../Src/tim.c                             0x00000000   Number         0  tim.o ABSOLUTE
    ../Src/usart.c                           0x00000000   Number         0  usart.o ABSOLUTE
    ../clib/microlib/division.c              0x00000000   Number         0  uldiv.o ABSOLUTE
    ../clib/microlib/division.c              0x00000000   Number         0  uidiv.o ABSOLUTE
    ../clib/microlib/init/entry.s            0x00000000   Number         0  entry.o ABSOLUTE
    ../clib/microlib/init/entry.s            0x00000000   Number         0  entry10a.o ABSOLUTE
    ../clib/microlib/init/entry.s            0x00000000   Number         0  entry11b.o ABSOLUTE
    ../clib/microlib/init/entry.s            0x00000000   Number         0  entry11a.o ABSOLUTE
    ../clib/microlib/init/entry.s            0x00000000   Number         0  entry10b.o ABSOLUTE
    ../clib/microlib/init/entry.s            0x00000000   Number         0  entry9b.o ABSOLUTE
    ../clib/microlib/init/entry.s            0x00000000   Number         0  entry9a.o ABSOLUTE
    ../clib/microlib/init/entry.s            0x00000000   Number         0  entry8a.o ABSOLUTE
    ../clib/microlib/init/entry.s            0x00000000   Number         0  entry7b.o ABSOLUTE
    ../clib/microlib/init/entry.s            0x00000000   Number         0  entry7a.o ABSOLUTE
    ../clib/microlib/init/entry.s            0x00000000   Number         0  entry5.o ABSOLUTE
    ../clib/microlib/init/entry.s            0x00000000   Number         0  entry2.o ABSOLUTE
    ../clib/microlib/init/entry.s            0x00000000   Number         0  entry8b.o ABSOLUTE
    ../clib/microlib/longlong.c              0x00000000   Number         0  llushr.o ABSOLUTE
    ../clib/microlib/longlong.c              0x00000000   Number         0  llsshr.o ABSOLUTE
    ../clib/microlib/longlong.c              0x00000000   Number         0  llshl.o ABSOLUTE
    ../clib/microlib/printf/printf.c         0x00000000   Number         0  printf0.o ABSOLUTE
    ../clib/microlib/printf/printf.c         0x00000000   Number         0  printfa.o ABSOLUTE
    ../clib/microlib/printf/printf.c         0x00000000   Number         0  printf8.o ABSOLUTE
    ../clib/microlib/printf/printf.c         0x00000000   Number         0  printf1.o ABSOLUTE
    ../clib/microlib/printf/printf.c         0x00000000   Number         0  printf5.o ABSOLUTE
    ../clib/microlib/printf/printf.c         0x00000000   Number         0  printf4.o ABSOLUTE
    ../clib/microlib/printf/printf.c         0x00000000   Number         0  printf2.o ABSOLUTE
    ../clib/microlib/printf/printf.c         0x00000000   Number         0  printf7.o ABSOLUTE
    ../clib/microlib/printf/printf.c         0x00000000   Number         0  printf3.o ABSOLUTE
    ../clib/microlib/printf/printf.c         0x00000000   Number         0  printf6.o ABSOLUTE
    ../clib/microlib/printf/printf.c         0x00000000   Number         0  printfb.o ABSOLUTE
    ../clib/microlib/printf/stubs.s          0x00000000   Number         0  stubs.o ABSOLUTE
    ../clib/microlib/stdio/fputc.c           0x00000000   Number         0  fputc.o ABSOLUTE
    ../clib/microlib/stdio/semi.s            0x00000000   Number         0  semi.o ABSOLUTE
    ../clib/microlib/stdio/streams.c         0x00000000   Number         0  stdout.o ABSOLUTE
    ../clib/microlib/string/memcpy.c         0x00000000   Number         0  memcpya.o ABSOLUTE
    ../clib/microlib/string/memcpy.c         0x00000000   Number         0  memcpyb.o ABSOLUTE
    ../clib/microlib/string/memset.c         0x00000000   Number         0  memseta.o ABSOLUTE
    ../clib/microlib/string/strcmp.c         0x00000000   Number         0  strcmp.o ABSOLUTE
    ../clib/microlib/stubs.s                 0x00000000   Number         0  iusesemip.o ABSOLUTE
    ../clib/microlib/stubs.s                 0x00000000   Number         0  iusefp.o ABSOLUTE
    ../fplib/microlib/f2d.c                  0x00000000   Number         0  f2d.o ABSOLUTE
    ../fplib/microlib/fpadd.c                0x00000000   Number         0  dadd.o ABSOLUTE
    ../fplib/microlib/fpadd.c                0x00000000   Number         0  fadd.o ABSOLUTE
    ../fplib/microlib/fpdiv.c                0x00000000   Number         0  fdiv.o ABSOLUTE
    ../fplib/microlib/fpdiv.c                0x00000000   Number         0  ddiv.o ABSOLUTE
    ../fplib/microlib/fpepilogue.c           0x00000000   Number         0  depilogue.o ABSOLUTE
    ../fplib/microlib/fpepilogue.c           0x00000000   Number         0  fepilogue.o ABSOLUTE
    ../fplib/microlib/fpfix.c                0x00000000   Number         0  ffixui.o ABSOLUTE
    ../fplib/microlib/fpfix.c                0x00000000   Number         0  dfixul.o ABSOLUTE
    ../fplib/microlib/fpflt.c                0x00000000   Number         0  ffltui.o ABSOLUTE
    ../fplib/microlib/fpmul.c                0x00000000   Number         0  fmul.o ABSOLUTE
    ../fplib/microlib/fpmul.c                0x00000000   Number         0  dmul.o ABSOLUTE
    ..\Drivers\STM32F1xx_HAL_Driver\Src\stm32f1xx_hal.c 0x00000000   Number         0  stm32f1xx_hal.o ABSOLUTE
    ..\Drivers\STM32F1xx_HAL_Driver\Src\stm32f1xx_hal_can.c 0x00000000   Number         0  stm32f1xx_hal_can.o ABSOLUTE
    ..\Drivers\STM32F1xx_HAL_Driver\Src\stm32f1xx_hal_cortex.c 0x00000000   Number         0  stm32f1xx_hal_cortex.o ABSOLUTE
    ..\Drivers\STM32F1xx_HAL_Driver\Src\stm32f1xx_hal_dma.c 0x00000000   Number         0  stm32f1xx_hal_dma.o ABSOLUTE
    ..\Drivers\STM32F1xx_HAL_Driver\Src\stm32f1xx_hal_flash.c 0x00000000   Number         0  stm32f1xx_hal_flash.o ABSOLUTE
    ..\Drivers\STM32F1xx_HAL_Driver\Src\stm32f1xx_hal_flash_ex.c 0x00000000   Number         0  stm32f1xx_hal_flash_ex.o ABSOLUTE
    ..\Drivers\STM32F1xx_HAL_Driver\Src\stm32f1xx_hal_gpio.c 0x00000000   Number         0  stm32f1xx_hal_gpio.o ABSOLUTE
    ..\Drivers\STM32F1xx_HAL_Driver\Src\stm32f1xx_hal_gpio_ex.c 0x00000000   Number         0  stm32f1xx_hal_gpio_ex.o ABSOLUTE
    ..\Drivers\STM32F1xx_HAL_Driver\Src\stm32f1xx_hal_i2c.c 0x00000000   Number         0  stm32f1xx_hal_i2c.o ABSOLUTE
    ..\Drivers\STM32F1xx_HAL_Driver\Src\stm32f1xx_hal_pwr.c 0x00000000   Number         0  stm32f1xx_hal_pwr.o ABSOLUTE
    ..\Drivers\STM32F1xx_HAL_Driver\Src\stm32f1xx_hal_rcc.c 0x00000000   Number         0  stm32f1xx_hal_rcc.o ABSOLUTE
    ..\Drivers\STM32F1xx_HAL_Driver\Src\stm32f1xx_hal_rcc_ex.c 0x00000000   Number         0  stm32f1xx_hal_rcc_ex.o ABSOLUTE
    ..\Drivers\STM32F1xx_HAL_Driver\Src\stm32f1xx_hal_tim.c 0x00000000   Number         0  stm32f1xx_hal_tim.o ABSOLUTE
    ..\Drivers\STM32F1xx_HAL_Driver\Src\stm32f1xx_hal_tim_ex.c 0x00000000   Number         0  stm32f1xx_hal_tim_ex.o ABSOLUTE
    ..\Drivers\STM32F1xx_HAL_Driver\Src\stm32f1xx_hal_uart.c 0x00000000   Number         0  stm32f1xx_hal_uart.o ABSOLUTE
    ..\Src\CRC16_CCITT.c                     0x00000000   Number         0  crc16_ccitt.o ABSOLUTE
    ..\Src\can.c                             0x00000000   Number         0  can.o ABSOLUTE
    ..\Src\gpio.c                            0x00000000   Number         0  gpio.o ABSOLUTE
    ..\Src\i2c.c                             0x00000000   Number         0  i2c.o ABSOLUTE
    ..\Src\main.c                            0x00000000   Number         0  main.o ABSOLUTE
    ..\Src\oled.c                            0x00000000   Number         0  oled.o ABSOLUTE
    ..\Src\sensor.c                          0x00000000   Number         0  sensor.o ABSOLUTE
    ..\Src\stm32f1xx_hal_msp.c               0x00000000   Number         0  stm32f1xx_hal_msp.o ABSOLUTE
    ..\Src\stm32f1xx_it.c                    0x00000000   Number         0  stm32f1xx_it.o ABSOLUTE
    ..\Src\system_stm32f1xx.c                0x00000000   Number         0  system_stm32f1xx.o ABSOLUTE
    ..\Src\tim.c                             0x00000000   Number         0  tim.o ABSOLUTE
    ..\Src\usart.c                           0x00000000   Number         0  usart.o ABSOLUTE
    ..\Src\util.c                            0x00000000   Number         0  util.o ABSOLUTE
    ..\\Src\\oled.c                          0x00000000   Number         0  oled.o ABSOLUTE
    ..\\Src\\sensor.c                        0x00000000   Number         0  sensor.o ABSOLUTE
    cdrcmple.s                               0x00000000   Number         0  cdrcmple.o ABSOLUTE
    dc.s                                     0x00000000   Number         0  dc.o ABSOLUTE
    handlers.s                               0x00000000   Number         0  handlers.o ABSOLUTE
    init.s                                   0x00000000   Number         0  init.o ABSOLUTE
    startup_stm32f103xb.s                    0x00000000   Number         0  startup_stm32f103xb.o ABSOLUTE
    RESET                                    0x08000000   Section      236  startup_stm32f103xb.o(RESET)
    .ARM.Collect$$$$00000000                 0x080000ec   Section        0  entry.o(.ARM.Collect$$$$00000000)
    .ARM.Collect$$$$00000001                 0x080000ec   Section        4  entry2.o(.ARM.Collect$$$$00000001)
    .ARM.Collect$$$$00000004                 0x080000f0   Section        4  entry5.o(.ARM.Collect$$$$00000004)
    .ARM.Collect$$$$00000008                 0x080000f4   Section        0  entry7b.o(.ARM.Collect$$$$00000008)
    .ARM.Collect$$$$0000000A                 0x080000f4   Section        0  entry8b.o(.ARM.Collect$$$$0000000A)
    .ARM.Collect$$$$0000000B                 0x080000f4   Section        8  entry9a.o(.ARM.Collect$$$$0000000B)
    .ARM.Collect$$$$0000000D                 0x080000fc   Section        0  entry10a.o(.ARM.Collect$$$$0000000D)
    .ARM.Collect$$$$0000000F                 0x080000fc   Section        0  entry11a.o(.ARM.Collect$$$$0000000F)
    .ARM.Collect$$$$00002712                 0x080000fc   Section        4  entry2.o(.ARM.Collect$$$$00002712)
    __lit__00000000                          0x080000fc   Data           4  entry2.o(.ARM.Collect$$$$00002712)
    .text                                    0x08000100   Section       36  startup_stm32f103xb.o(.text)
    .text                                    0x08000124   Section        0  llushr.o(.text)
    .text                                    0x08000144   Section        0  memcpya.o(.text)
    .text                                    0x08000168   Section        0  memseta.o(.text)
    .text                                    0x0800018c   Section        0  fdiv.o(.text)
    .text                                    0x08000208   Section        0  ffltui.o(.text)
    .text                                    0x08000212   Section        0  f2d.o(.text)
    .text                                    0x08000238   Section        0  uidiv.o(.text)
    .text                                    0x08000264   Section        0  uldiv.o(.text)
    .text                                    0x080002c6   Section        0  fepilogue.o(.text)
    .text                                    0x080002c6   Section        0  iusefp.o(.text)
    .text                                    0x08000334   Section        0  dadd.o(.text)
    .text                                    0x08000482   Section        0  dmul.o(.text)
    .text                                    0x08000566   Section        0  ddiv.o(.text)
    .text                                    0x08000644   Section        0  dfixul.o(.text)
    .text                                    0x08000674   Section       48  cdrcmple.o(.text)
    .text                                    0x080006a4   Section       36  init.o(.text)
    .text                                    0x080006c8   Section        0  llshl.o(.text)
    .text                                    0x080006e6   Section        0  llsshr.o(.text)
    .text                                    0x0800070a   Section        0  depilogue.o(.text)
    i.BusFault_Handler                       0x080007c4   Section        0  stm32f1xx_it.o(i.BusFault_Handler)
    i.CAN1_RX1_IRQHandler                    0x080007c8   Section        0  stm32f1xx_it.o(i.CAN1_RX1_IRQHandler)
    i.CAN_Receive_IT                         0x080007d8   Section        0  stm32f1xx_hal_can.o(i.CAN_Receive_IT)
    CAN_Receive_IT                           0x080007d9   Thumb Code   450  stm32f1xx_hal_can.o(i.CAN_Receive_IT)
    i.CAN_Transmit_IT                        0x0800099a   Section        0  stm32f1xx_hal_can.o(i.CAN_Transmit_IT)
    CAN_Transmit_IT                          0x0800099b   Thumb Code    98  stm32f1xx_hal_can.o(i.CAN_Transmit_IT)
    i.CRC16_Cal                              0x080009fc   Section        0  crc16_ccitt.o(i.CRC16_Cal)
    i.DebugMon_Handler                       0x08000a36   Section        0  stm32f1xx_it.o(i.DebugMon_Handler)
    i.EXTI9_5_IRQHandler                     0x08000a38   Section        0  stm32f1xx_it.o(i.EXTI9_5_IRQHandler)
    i.HAL_CAN_ConfigFilter                   0x08000a44   Section        0  stm32f1xx_hal_can.o(i.HAL_CAN_ConfigFilter)
    i.HAL_CAN_ErrorCallback                  0x08000b68   Section        0  main.o(i.HAL_CAN_ErrorCallback)
    i.HAL_CAN_IRQHandler                     0x08000b94   Section        0  stm32f1xx_hal_can.o(i.HAL_CAN_IRQHandler)
    i.HAL_CAN_Init                           0x08000de8   Section        0  stm32f1xx_hal_can.o(i.HAL_CAN_Init)
    i.HAL_CAN_MspDeInit                      0x08000f58   Section        0  can.o(i.HAL_CAN_MspDeInit)
    i.HAL_CAN_MspInit                        0x08000f94   Section        0  can.o(i.HAL_CAN_MspInit)
    i.HAL_CAN_Receive                        0x08001034   Section        0  stm32f1xx_hal_can.o(i.HAL_CAN_Receive)
    i.HAL_CAN_Receive_IT                     0x080012e2   Section        0  stm32f1xx_hal_can.o(i.HAL_CAN_Receive_IT)
    i.HAL_CAN_RxCpltCallback                 0x080013f0   Section        0  main.o(i.HAL_CAN_RxCpltCallback)
    i.HAL_CAN_Transmit                       0x080017ac   Section        0  stm32f1xx_hal_can.o(i.HAL_CAN_Transmit)
    i.HAL_CAN_TxCpltCallback                 0x08001a5c   Section        0  stm32f1xx_hal_can.o(i.HAL_CAN_TxCpltCallback)
    i.HAL_CAN_WakeUp                         0x08001a5e   Section        0  stm32f1xx_hal_can.o(i.HAL_CAN_WakeUp)
    i.HAL_DMA_Abort                          0x08001aea   Section        0  stm32f1xx_hal_dma.o(i.HAL_DMA_Abort)
    i.HAL_DMA_Abort_IT                       0x08001b24   Section        0  stm32f1xx_hal_dma.o(i.HAL_DMA_Abort_IT)
    i.HAL_Delay                              0x08001bd4   Section        0  stm32f1xx_hal.o(i.HAL_Delay)
    i.HAL_GPIO_DeInit                        0x08001bf4   Section        0  stm32f1xx_hal_gpio.o(i.HAL_GPIO_DeInit)
    i.HAL_GPIO_EXTI_Callback                 0x08001d2c   Section        0  main.o(i.HAL_GPIO_EXTI_Callback)
    i.HAL_GPIO_EXTI_IRQHandler               0x08001e00   Section        0  stm32f1xx_hal_gpio.o(i.HAL_GPIO_EXTI_IRQHandler)
    i.HAL_GPIO_Init                          0x08001e1c   Section        0  stm32f1xx_hal_gpio.o(i.HAL_GPIO_Init)
    i.HAL_GetTick                            0x08002138   Section        0  stm32f1xx_hal.o(i.HAL_GetTick)
    i.HAL_I2C_GetError                       0x08002144   Section        0  stm32f1xx_hal_i2c.o(i.HAL_I2C_GetError)
    i.HAL_I2C_Init                           0x0800214c   Section        0  stm32f1xx_hal_i2c.o(i.HAL_I2C_Init)
    i.HAL_I2C_Master_Transmit                0x08002274   Section        0  stm32f1xx_hal_i2c.o(i.HAL_I2C_Master_Transmit)
    i.HAL_I2C_MspInit                        0x08002408   Section        0  i2c.o(i.HAL_I2C_MspInit)
    i.HAL_IncTick                            0x08002458   Section        0  stm32f1xx_hal.o(i.HAL_IncTick)
    i.HAL_Init                               0x08002468   Section        0  stm32f1xx_hal.o(i.HAL_Init)
    i.HAL_InitTick                           0x08002490   Section        0  stm32f1xx_hal.o(i.HAL_InitTick)
    i.HAL_MspInit                            0x080024b8   Section        0  stm32f1xx_hal_msp.o(i.HAL_MspInit)
    i.HAL_NVIC_DisableIRQ                    0x0800254c   Section        0  stm32f1xx_hal_cortex.o(i.HAL_NVIC_DisableIRQ)
    i.HAL_NVIC_EnableIRQ                     0x08002568   Section        0  stm32f1xx_hal_cortex.o(i.HAL_NVIC_EnableIRQ)
    i.HAL_NVIC_SetPriority                   0x08002582   Section        0  stm32f1xx_hal_cortex.o(i.HAL_NVIC_SetPriority)
    i.HAL_NVIC_SetPriorityGrouping           0x08002600   Section        0  stm32f1xx_hal_cortex.o(i.HAL_NVIC_SetPriorityGrouping)
    i.HAL_RCC_ClockConfig                    0x08002628   Section        0  stm32f1xx_hal_rcc.o(i.HAL_RCC_ClockConfig)
    i.HAL_RCC_GetHCLKFreq                    0x080027cc   Section        0  stm32f1xx_hal_rcc.o(i.HAL_RCC_GetHCLKFreq)
    i.HAL_RCC_GetPCLK1Freq                   0x080027d8   Section        0  stm32f1xx_hal_rcc.o(i.HAL_RCC_GetPCLK1Freq)
    i.HAL_RCC_GetPCLK2Freq                   0x080027f8   Section        0  stm32f1xx_hal_rcc.o(i.HAL_RCC_GetPCLK2Freq)
    i.HAL_RCC_GetSysClockFreq                0x08002818   Section        0  stm32f1xx_hal_rcc.o(i.HAL_RCC_GetSysClockFreq)
    i.HAL_RCC_OscConfig                      0x080028b0   Section        0  stm32f1xx_hal_rcc.o(i.HAL_RCC_OscConfig)
    i.HAL_SYSTICK_CLKSourceConfig            0x08002cf0   Section        0  stm32f1xx_hal_cortex.o(i.HAL_SYSTICK_CLKSourceConfig)
    i.HAL_SYSTICK_Callback                   0x08002d18   Section        0  stm32f1xx_hal_cortex.o(i.HAL_SYSTICK_Callback)
    i.HAL_SYSTICK_Config                     0x08002d1a   Section        0  stm32f1xx_hal_cortex.o(i.HAL_SYSTICK_Config)
    i.HAL_SYSTICK_IRQHandler                 0x08002d4e   Section        0  stm32f1xx_hal_cortex.o(i.HAL_SYSTICK_IRQHandler)
    i.HAL_TIMEx_BreakCallback                0x08002d56   Section        0  stm32f1xx_hal_tim_ex.o(i.HAL_TIMEx_BreakCallback)
    i.HAL_TIMEx_CommutationCallback          0x08002d58   Section        0  stm32f1xx_hal_tim_ex.o(i.HAL_TIMEx_CommutationCallback)
    i.HAL_TIMEx_MasterConfigSynchronization  0x08002d5a   Section        0  stm32f1xx_hal_tim_ex.o(i.HAL_TIMEx_MasterConfigSynchronization)
    i.HAL_TIM_Base_Init                      0x08002dbc   Section        0  stm32f1xx_hal_tim.o(i.HAL_TIM_Base_Init)
    i.HAL_TIM_Base_MspInit                   0x08002df0   Section        0  tim.o(i.HAL_TIM_Base_MspInit)
    i.HAL_TIM_Base_Start_IT                  0x08002e30   Section        0  stm32f1xx_hal_tim.o(i.HAL_TIM_Base_Start_IT)
    i.HAL_TIM_Base_Stop_IT                   0x08002e4e   Section        0  stm32f1xx_hal_tim.o(i.HAL_TIM_Base_Stop_IT)
    i.HAL_TIM_ConfigClockSource              0x08002e86   Section        0  stm32f1xx_hal_tim.o(i.HAL_TIM_ConfigClockSource)
    i.HAL_TIM_IC_CaptureCallback             0x08002fb8   Section        0  stm32f1xx_hal_tim.o(i.HAL_TIM_IC_CaptureCallback)
    i.HAL_TIM_IRQHandler                     0x08002fba   Section        0  stm32f1xx_hal_tim.o(i.HAL_TIM_IRQHandler)
    i.HAL_TIM_OC_DelayElapsedCallback        0x08003150   Section        0  stm32f1xx_hal_tim.o(i.HAL_TIM_OC_DelayElapsedCallback)
    i.HAL_TIM_PWM_PulseFinishedCallback      0x08003152   Section        0  stm32f1xx_hal_tim.o(i.HAL_TIM_PWM_PulseFinishedCallback)
    i.HAL_TIM_PeriodElapsedCallback          0x08003154   Section        0  main.o(i.HAL_TIM_PeriodElapsedCallback)
    i.HAL_TIM_TriggerCallback                0x08003200   Section        0  stm32f1xx_hal_tim.o(i.HAL_TIM_TriggerCallback)
    i.HAL_UART_Abort                         0x08003202   Section        0  stm32f1xx_hal_uart.o(i.HAL_UART_Abort)
    i.HAL_UART_ErrorCallback                 0x08003280   Section        0  main.o(i.HAL_UART_ErrorCallback)
    i.HAL_UART_IRQHandler                    0x08003298   Section        0  stm32f1xx_hal_uart.o(i.HAL_UART_IRQHandler)
    i.HAL_UART_Init                          0x080033e4   Section        0  stm32f1xx_hal_uart.o(i.HAL_UART_Init)
    i.HAL_UART_MspInit                       0x08003458   Section        0  usart.o(i.HAL_UART_MspInit)
    i.HAL_UART_Receive                       0x0800351c   Section        0  stm32f1xx_hal_uart.o(i.HAL_UART_Receive)
    i.HAL_UART_Receive_IT                    0x080035fa   Section        0  stm32f1xx_hal_uart.o(i.HAL_UART_Receive_IT)
    i.HAL_UART_RxCpltCallback                0x0800366c   Section        0  main.o(i.HAL_UART_RxCpltCallback)
    i.HAL_UART_Transmit                      0x08003684   Section        0  stm32f1xx_hal_uart.o(i.HAL_UART_Transmit)
    i.HAL_UART_TxCpltCallback                0x0800375a   Section        0  stm32f1xx_hal_uart.o(i.HAL_UART_TxCpltCallback)
    i.HardFault_Handler                      0x0800375c   Section        0  stm32f1xx_it.o(i.HardFault_Handler)
    i.I2C_IsAcknowledgeFailed                0x08003760   Section        0  stm32f1xx_hal_i2c.o(i.I2C_IsAcknowledgeFailed)
    I2C_IsAcknowledgeFailed                  0x08003761   Thumb Code    52  stm32f1xx_hal_i2c.o(i.I2C_IsAcknowledgeFailed)
    i.I2C_MasterRequestWrite                 0x08003794   Section        0  stm32f1xx_hal_i2c.o(i.I2C_MasterRequestWrite)
    I2C_MasterRequestWrite                   0x08003795   Thumb Code   186  stm32f1xx_hal_i2c.o(i.I2C_MasterRequestWrite)
    i.I2C_WaitOnBTFFlagUntilTimeout          0x08003854   Section        0  stm32f1xx_hal_i2c.o(i.I2C_WaitOnBTFFlagUntilTimeout)
    I2C_WaitOnBTFFlagUntilTimeout            0x08003855   Thumb Code    86  stm32f1xx_hal_i2c.o(i.I2C_WaitOnBTFFlagUntilTimeout)
    i.I2C_WaitOnFlagUntilTimeout             0x080038aa   Section        0  stm32f1xx_hal_i2c.o(i.I2C_WaitOnFlagUntilTimeout)
    I2C_WaitOnFlagUntilTimeout               0x080038ab   Thumb Code   124  stm32f1xx_hal_i2c.o(i.I2C_WaitOnFlagUntilTimeout)
    i.I2C_WaitOnMasterAddressFlagUntilTimeout 0x08003926   Section        0  stm32f1xx_hal_i2c.o(i.I2C_WaitOnMasterAddressFlagUntilTimeout)
    I2C_WaitOnMasterAddressFlagUntilTimeout  0x08003927   Thumb Code   172  stm32f1xx_hal_i2c.o(i.I2C_WaitOnMasterAddressFlagUntilTimeout)
    i.I2C_WaitOnTXEFlagUntilTimeout          0x080039d2   Section        0  stm32f1xx_hal_i2c.o(i.I2C_WaitOnTXEFlagUntilTimeout)
    I2C_WaitOnTXEFlagUntilTimeout            0x080039d3   Thumb Code    86  stm32f1xx_hal_i2c.o(i.I2C_WaitOnTXEFlagUntilTimeout)
    i.MX_CAN_Init                            0x08003a28   Section        0  can.o(i.MX_CAN_Init)
    i.MX_GPIO_Init                           0x08003a84   Section        0  gpio.o(i.MX_GPIO_Init)
    i.MX_I2C1_Init                           0x08003af4   Section        0  i2c.o(i.MX_I2C1_Init)
    i.MX_TIM2_Init                           0x08003b44   Section        0  tim.o(i.MX_TIM2_Init)
    i.MX_USART1_UART_Init                    0x08003bc0   Section        0  usart.o(i.MX_USART1_UART_Init)
    i.MX_USART2_UART_Init                    0x08003c0c   Section        0  usart.o(i.MX_USART2_UART_Init)
    i.MemManage_Handler                      0x08003c58   Section        0  stm32f1xx_it.o(i.MemManage_Handler)
    i.NMI_Handler                            0x08003c5c   Section        0  stm32f1xx_it.o(i.NMI_Handler)
    i.NVIC_GetPriorityGrouping               0x08003c60   Section        0  stm32f1xx_hal_cortex.o(i.NVIC_GetPriorityGrouping)
    NVIC_GetPriorityGrouping                 0x08003c61   Thumb Code    10  stm32f1xx_hal_cortex.o(i.NVIC_GetPriorityGrouping)
    i.NVIC_SetPriority                       0x08003c70   Section        0  stm32f1xx_hal_cortex.o(i.NVIC_SetPriority)
    NVIC_SetPriority                         0x08003c71   Thumb Code    32  stm32f1xx_hal_cortex.o(i.NVIC_SetPriority)
    i.OLED_Clear                             0x08003c98   Section        0  oled.o(i.OLED_Clear)
    i.OLED_Init                              0x08003cd6   Section        0  oled.o(i.OLED_Init)
    i.OLED_Set_Pos                           0x08003da6   Section        0  oled.o(i.OLED_Set_Pos)
    i.OLED_ShowChar                          0x08003dd0   Section        0  oled.o(i.OLED_ShowChar)
    i.OLED_ShowString                        0x08003e28   Section        0  oled.o(i.OLED_ShowString)
    i.OLED_WR_Byte                           0x08003e62   Section        0  oled.o(i.OLED_WR_Byte)
    i.PendSV_Handler                         0x08003e82   Section        0  stm32f1xx_it.o(i.PendSV_Handler)
    i.RCC_Delay                              0x08003e84   Section        0  stm32f1xx_hal_rcc.o(i.RCC_Delay)
    RCC_Delay                                0x08003e85   Thumb Code    36  stm32f1xx_hal_rcc.o(i.RCC_Delay)
    i.SVC_Handler                            0x08003eac   Section        0  stm32f1xx_it.o(i.SVC_Handler)
    i.Single_WriteI2C                        0x08003eb0   Section        0  i2c.o(i.Single_WriteI2C)
    i.SysTick_Handler                        0x08003ef0   Section        0  stm32f1xx_it.o(i.SysTick_Handler)
    i.SystemClock_Config                     0x08003efc   Section        0  main.o(i.SystemClock_Config)
    i.SystemInit                             0x08003f8c   Section        0  system_stm32f1xx.o(i.SystemInit)
    i.TIM2_IRQHandler                        0x08003fe4   Section        0  stm32f1xx_it.o(i.TIM2_IRQHandler)
    i.TIM_Base_SetConfig                     0x08003ff4   Section        0  stm32f1xx_hal_tim.o(i.TIM_Base_SetConfig)
    i.TIM_ETR_SetConfig                      0x08004068   Section        0  stm32f1xx_hal_tim.o(i.TIM_ETR_SetConfig)
    TIM_ETR_SetConfig                        0x08004069   Thumb Code    24  stm32f1xx_hal_tim.o(i.TIM_ETR_SetConfig)
    i.TIM_ITRx_SetConfig                     0x08004080   Section        0  stm32f1xx_hal_tim.o(i.TIM_ITRx_SetConfig)
    TIM_ITRx_SetConfig                       0x08004081   Thumb Code    20  stm32f1xx_hal_tim.o(i.TIM_ITRx_SetConfig)
    i.TIM_TI1_ConfigInputStage               0x08004094   Section        0  stm32f1xx_hal_tim.o(i.TIM_TI1_ConfigInputStage)
    TIM_TI1_ConfigInputStage                 0x08004095   Thumb Code    42  stm32f1xx_hal_tim.o(i.TIM_TI1_ConfigInputStage)
    i.TIM_TI2_ConfigInputStage               0x080040be   Section        0  stm32f1xx_hal_tim.o(i.TIM_TI2_ConfigInputStage)
    TIM_TI2_ConfigInputStage                 0x080040bf   Thumb Code    44  stm32f1xx_hal_tim.o(i.TIM_TI2_ConfigInputStage)
    i.UART_DMAAbortOnError                   0x080040ea   Section        0  stm32f1xx_hal_uart.o(i.UART_DMAAbortOnError)
    UART_DMAAbortOnError                     0x080040eb   Thumb Code    20  stm32f1xx_hal_uart.o(i.UART_DMAAbortOnError)
    i.UART_EndRxTransfer                     0x080040fe   Section        0  stm32f1xx_hal_uart.o(i.UART_EndRxTransfer)
    UART_EndRxTransfer                       0x080040ff   Thumb Code    32  stm32f1xx_hal_uart.o(i.UART_EndRxTransfer)
    i.UART_EndTransmit_IT                    0x0800411e   Section        0  stm32f1xx_hal_uart.o(i.UART_EndTransmit_IT)
    UART_EndTransmit_IT                      0x0800411f   Thumb Code    32  stm32f1xx_hal_uart.o(i.UART_EndTransmit_IT)
    i.UART_Receive_IT                        0x0800413e   Section        0  stm32f1xx_hal_uart.o(i.UART_Receive_IT)
    UART_Receive_IT                          0x0800413f   Thumb Code   166  stm32f1xx_hal_uart.o(i.UART_Receive_IT)
    i.UART_SetConfig                         0x080041e4   Section        0  stm32f1xx_hal_uart.o(i.UART_SetConfig)
    UART_SetConfig                           0x080041e5   Thumb Code   450  stm32f1xx_hal_uart.o(i.UART_SetConfig)
    i.UART_Transmit_IT                       0x080043ac   Section        0  stm32f1xx_hal_uart.o(i.UART_Transmit_IT)
    UART_Transmit_IT                         0x080043ad   Thumb Code   104  stm32f1xx_hal_uart.o(i.UART_Transmit_IT)
    i.UART_WaitOnFlagUntilTimeout            0x08004414   Section        0  stm32f1xx_hal_uart.o(i.UART_WaitOnFlagUntilTimeout)
    UART_WaitOnFlagUntilTimeout              0x08004415   Thumb Code   108  stm32f1xx_hal_uart.o(i.UART_WaitOnFlagUntilTimeout)
    i.USART2_IRQHandler                      0x08004480   Section        0  stm32f1xx_it.o(i.USART2_IRQHandler)
    i.USB_LP_CAN1_RX0_IRQHandler             0x08004490   Section        0  stm32f1xx_it.o(i.USB_LP_CAN1_RX0_IRQHandler)
    i.UpdateCRC                              0x080044a0   Section        0  crc16_ccitt.o(i.UpdateCRC)
    i.UsageFault_Handler                     0x080044d4   Section        0  stm32f1xx_it.o(i.UsageFault_Handler)
    i._Error_Handler                         0x080044d8   Section        0  main.o(i._Error_Handler)
    i.__0sprintf                             0x080044dc   Section        0  printfa.o(i.__0sprintf)
    i.__scatterload_copy                     0x08004504   Section       14  handlers.o(i.__scatterload_copy)
    i.__scatterload_null                     0x08004512   Section        2  handlers.o(i.__scatterload_null)
    i.__scatterload_zeroinit                 0x08004514   Section       14  handlers.o(i.__scatterload_zeroinit)
    i._fp_digits                             0x08004524   Section        0  printfa.o(i._fp_digits)
    _fp_digits                               0x08004525   Thumb Code   366  printfa.o(i._fp_digits)
    i._printf_core                           0x080046a8   Section        0  printfa.o(i._printf_core)
    _printf_core                             0x080046a9   Thumb Code  1744  printfa.o(i._printf_core)
    i._printf_post_padding                   0x08004d84   Section        0  printfa.o(i._printf_post_padding)
    _printf_post_padding                     0x08004d85   Thumb Code    36  printfa.o(i._printf_post_padding)
    i._printf_pre_padding                    0x08004da8   Section        0  printfa.o(i._printf_pre_padding)
    _printf_pre_padding                      0x08004da9   Thumb Code    46  printfa.o(i._printf_pre_padding)
    i._sputc                                 0x08004dd6   Section        0  printfa.o(i._sputc)
    _sputc                                   0x08004dd7   Thumb Code    10  printfa.o(i._sputc)
    i.continuous_Stop                        0x08004de0   Section        0  sensor.o(i.continuous_Stop)
    i.main                                   0x08004e30   Section        0  main.o(i.main)
    i.packet_parser                          0x080051f8   Section        0  sensor.o(i.packet_parser)
    i.sensor_continuous_start                0x0800524c   Section        0  sensor.o(i.sensor_continuous_start)
    i.sensor_get_DeviceInfo                  0x0800527c   Section        0  sensor.o(i.sensor_get_DeviceInfo)
    i.uart1_read                             0x080052dc   Section        0  usart.o(i.uart1_read)
    i.uart1_write                            0x08005300   Section        0  usart.o(i.uart1_write)
    i.uart2_read                             0x08005318   Section        0  usart.o(i.uart2_read)
    i.uart2_write                            0x0800533c   Section        0  usart.o(i.uart2_write)
    .constdata                               0x08005354   Section      552  oled.o(.constdata)
    .constdata                               0x0800557c   Section       24  system_stm32f1xx.o(.constdata)
    .data                                    0x20000000   Section       16  main.o(.data)
    .data                                    0x20000010   Section        4  system_stm32f1xx.o(.data)
    .data                                    0x20000014   Section        4  stm32f1xx_hal.o(.data)
    .bss                                     0x20000018   Section       96  main.o(.bss)
    .bss                                     0x20000078   Section      128  usart.o(.bss)
    .bss                                     0x200000f8   Section       68  can.o(.bss)
    .bss                                     0x2000013c   Section       84  i2c.o(.bss)
    .bss                                     0x20000190   Section       64  tim.o(.bss)
    STACK                                    0x200001d0   Section     1024  startup_stm32f103xb.o(STACK)

    Global Symbols

    Symbol Name                              Value     Ov Type        Size  Object(Section)

    BuildAttributes$$THM_ISAv4$P$D$K$B$S$PE$A:L22UL41UL21$X:L11$S22US41US21$IEEE1$IW$USESV6$~STKCKD$USESV7$~SHL$OTIME$ROPI$EBA8$MICROLIB$REQ8$PRES8$EABIv2 0x00000000   Number         0  anon$$obj.o ABSOLUTE
    __ARM_use_no_argv                        0x00000000   Number         0  main.o ABSOLUTE
    _printf_a                                0x00000000   Number         0  stubs.o ABSOLUTE
    _printf_c                                0x00000000   Number         0  stubs.o ABSOLUTE
    _printf_charcount                        0x00000000   Number         0  stubs.o ABSOLUTE
    _printf_d                                0x00000000   Number         0  stubs.o ABSOLUTE
    _printf_e                                0x00000000   Number         0  stubs.o ABSOLUTE
    _printf_f                                0x00000000   Number         0  stubs.o ABSOLUTE
    _printf_flags                            0x00000000   Number         0  stubs.o ABSOLUTE
    _printf_fp_dec                           0x00000000   Number         0  stubs.o ABSOLUTE
    _printf_fp_hex                           0x00000000   Number         0  stubs.o ABSOLUTE
    _printf_g                                0x00000000   Number         0  stubs.o ABSOLUTE
    _printf_i                                0x00000000   Number         0  stubs.o ABSOLUTE
    _printf_int_dec                          0x00000000   Number         0  stubs.o ABSOLUTE
    _printf_l                                0x00000000   Number         0  stubs.o ABSOLUTE
    _printf_lc                               0x00000000   Number         0  stubs.o ABSOLUTE
    _printf_ll                               0x00000000   Number         0  stubs.o ABSOLUTE
    _printf_lld                              0x00000000   Number         0  stubs.o ABSOLUTE
    _printf_lli                              0x00000000   Number         0  stubs.o ABSOLUTE
    _printf_llo                              0x00000000   Number         0  stubs.o ABSOLUTE
    _printf_llu                              0x00000000   Number         0  stubs.o ABSOLUTE
    _printf_llx                              0x00000000   Number         0  stubs.o ABSOLUTE
    _printf_longlong_dec                     0x00000000   Number         0  stubs.o ABSOLUTE
    _printf_longlong_hex                     0x00000000   Number         0  stubs.o ABSOLUTE
    _printf_longlong_oct                     0x00000000   Number         0  stubs.o ABSOLUTE
    _printf_ls                               0x00000000   Number         0  stubs.o ABSOLUTE
    _printf_mbtowc                           0x00000000   Number         0  stubs.o ABSOLUTE
    _printf_n                                0x00000000   Number         0  stubs.o ABSOLUTE
    _printf_o                                0x00000000   Number         0  stubs.o ABSOLUTE
    _printf_p                                0x00000000   Number         0  stubs.o ABSOLUTE
    _printf_percent                          0x00000000   Number         0  stubs.o ABSOLUTE
    _printf_pre_padding                      0x00000000   Number         0  stubs.o ABSOLUTE
    _printf_return_value                     0x00000000   Number         0  stubs.o ABSOLUTE
    _printf_s                                0x00000000   Number         0  stubs.o ABSOLUTE
    _printf_sizespec                         0x00000000   Number         0  stubs.o ABSOLUTE
    _printf_str                              0x00000000   Number         0  stubs.o ABSOLUTE
    _printf_truncate_signed                  0x00000000   Number         0  stubs.o ABSOLUTE
    _printf_truncate_unsigned                0x00000000   Number         0  stubs.o ABSOLUTE
    _printf_u                                0x00000000   Number         0  stubs.o ABSOLUTE
    _printf_wc                               0x00000000   Number         0  stubs.o ABSOLUTE
    _printf_wctomb                           0x00000000   Number         0  stubs.o ABSOLUTE
    _printf_widthprec                        0x00000000   Number         0  stubs.o ABSOLUTE
    _printf_x                                0x00000000   Number         0  stubs.o ABSOLUTE
    __cpp_initialize__aeabi_                  - Undefined Weak Reference
    __cxa_finalize                            - Undefined Weak Reference
    __decompress                              - Undefined Weak Reference
    _clock_init                               - Undefined Weak Reference
    _microlib_exit                            - Undefined Weak Reference
    __Vectors_Size                           0x000000ec   Number         0  startup_stm32f103xb.o ABSOLUTE
    __Vectors                                0x08000000   Data           4  startup_stm32f103xb.o(RESET)
    __Vectors_End                            0x080000ec   Data           0  startup_stm32f103xb.o(RESET)
    __main                                   0x080000ed   Thumb Code     0  entry.o(.ARM.Collect$$$$00000000)
    _main_stk                                0x080000ed   Thumb Code     0  entry2.o(.ARM.Collect$$$$00000001)
    _main_scatterload                        0x080000f1   Thumb Code     0  entry5.o(.ARM.Collect$$$$00000004)
    __main_after_scatterload                 0x080000f5   Thumb Code     0  entry5.o(.ARM.Collect$$$$00000004)
    _main_clock                              0x080000f5   Thumb Code     0  entry7b.o(.ARM.Collect$$$$00000008)
    _main_cpp_init                           0x080000f5   Thumb Code     0  entry8b.o(.ARM.Collect$$$$0000000A)
    _main_init                               0x080000f5   Thumb Code     0  entry9a.o(.ARM.Collect$$$$0000000B)
    __rt_final_cpp                           0x080000fd   Thumb Code     0  entry10a.o(.ARM.Collect$$$$0000000D)
    __rt_final_exit                          0x080000fd   Thumb Code     0  entry11a.o(.ARM.Collect$$$$0000000F)
    Reset_Handler                            0x08000101   Thumb Code     8  startup_stm32f103xb.o(.text)
    ADC1_2_IRQHandler                        0x0800011b   Thumb Code     0  startup_stm32f103xb.o(.text)
    CAN1_SCE_IRQHandler                      0x0800011b   Thumb Code     0  startup_stm32f103xb.o(.text)
    DMA1_Channel1_IRQHandler                 0x0800011b   Thumb Code     0  startup_stm32f103xb.o(.text)
    DMA1_Channel2_IRQHandler                 0x0800011b   Thumb Code     0  startup_stm32f103xb.o(.text)
    DMA1_Channel3_IRQHandler                 0x0800011b   Thumb Code     0  startup_stm32f103xb.o(.text)
    DMA1_Channel4_IRQHandler                 0x0800011b   Thumb Code     0  startup_stm32f103xb.o(.text)
    DMA1_Channel5_IRQHandler                 0x0800011b   Thumb Code     0  startup_stm32f103xb.o(.text)
    DMA1_Channel6_IRQHandler                 0x0800011b   Thumb Code     0  startup_stm32f103xb.o(.text)
    DMA1_Channel7_IRQHandler                 0x0800011b   Thumb Code     0  startup_stm32f103xb.o(.text)
    EXTI0_IRQHandler                         0x0800011b   Thumb Code     0  startup_stm32f103xb.o(.text)
    EXTI15_10_IRQHandler                     0x0800011b   Thumb Code     0  startup_stm32f103xb.o(.text)
    EXTI1_IRQHandler                         0x0800011b   Thumb Code     0  startup_stm32f103xb.o(.text)
    EXTI2_IRQHandler                         0x0800011b   Thumb Code     0  startup_stm32f103xb.o(.text)
    EXTI3_IRQHandler                         0x0800011b   Thumb Code     0  startup_stm32f103xb.o(.text)
    EXTI4_IRQHandler                         0x0800011b   Thumb Code     0  startup_stm32f103xb.o(.text)
    FLASH_IRQHandler                         0x0800011b   Thumb Code     0  startup_stm32f103xb.o(.text)
    I2C1_ER_IRQHandler                       0x0800011b   Thumb Code     0  startup_stm32f103xb.o(.text)
    I2C1_EV_IRQHandler                       0x0800011b   Thumb Code     0  startup_stm32f103xb.o(.text)
    I2C2_ER_IRQHandler                       0x0800011b   Thumb Code     0  startup_stm32f103xb.o(.text)
    I2C2_EV_IRQHandler                       0x0800011b   Thumb Code     0  startup_stm32f103xb.o(.text)
    PVD_IRQHandler                           0x0800011b   Thumb Code     0  startup_stm32f103xb.o(.text)
    RCC_IRQHandler                           0x0800011b   Thumb Code     0  startup_stm32f103xb.o(.text)
    RTC_Alarm_IRQHandler                     0x0800011b   Thumb Code     0  startup_stm32f103xb.o(.text)
    RTC_IRQHandler                           0x0800011b   Thumb Code     0  startup_stm32f103xb.o(.text)
    SPI1_IRQHandler                          0x0800011b   Thumb Code     0  startup_stm32f103xb.o(.text)
    SPI2_IRQHandler                          0x0800011b   Thumb Code     0  startup_stm32f103xb.o(.text)
    TAMPER_IRQHandler                        0x0800011b   Thumb Code     0  startup_stm32f103xb.o(.text)
    TIM1_BRK_IRQHandler                      0x0800011b   Thumb Code     0  startup_stm32f103xb.o(.text)
    TIM1_CC_IRQHandler                       0x0800011b   Thumb Code     0  startup_stm32f103xb.o(.text)
    TIM1_TRG_COM_IRQHandler                  0x0800011b   Thumb Code     0  startup_stm32f103xb.o(.text)
    TIM1_UP_IRQHandler                       0x0800011b   Thumb Code     0  startup_stm32f103xb.o(.text)
    TIM3_IRQHandler                          0x0800011b   Thumb Code     0  startup_stm32f103xb.o(.text)
    TIM4_IRQHandler                          0x0800011b   Thumb Code     0  startup_stm32f103xb.o(.text)
    USART1_IRQHandler                        0x0800011b   Thumb Code     0  startup_stm32f103xb.o(.text)
    USART3_IRQHandler                        0x0800011b   Thumb Code     0  startup_stm32f103xb.o(.text)
    USBWakeUp_IRQHandler                     0x0800011b   Thumb Code     0  startup_stm32f103xb.o(.text)
    USB_HP_CAN1_TX_IRQHandler                0x0800011b   Thumb Code     0  startup_stm32f103xb.o(.text)
    WWDG_IRQHandler                          0x0800011b   Thumb Code     0  startup_stm32f103xb.o(.text)
    __aeabi_llsr                             0x08000125   Thumb Code    32  llushr.o(.text)
    _ll_ushift_r                             0x08000125   Thumb Code     0  llushr.o(.text)
    __aeabi_memcpy                           0x08000145   Thumb Code    36  memcpya.o(.text)
    __aeabi_memcpy4                          0x08000145   Thumb Code     0  memcpya.o(.text)
    __aeabi_memcpy8                          0x08000145   Thumb Code     0  memcpya.o(.text)
    __aeabi_memset                           0x08000169   Thumb Code    14  memseta.o(.text)
    __aeabi_memset4                          0x08000169   Thumb Code     0  memseta.o(.text)
    __aeabi_memset8                          0x08000169   Thumb Code     0  memseta.o(.text)
    __aeabi_memclr                           0x08000177   Thumb Code     4  memseta.o(.text)
    __aeabi_memclr4                          0x08000177   Thumb Code     0  memseta.o(.text)
    __aeabi_memclr8                          0x08000177   Thumb Code     0  memseta.o(.text)
    _memset$wrapper                          0x0800017b   Thumb Code    18  memseta.o(.text)
    __aeabi_fdiv                             0x0800018d   Thumb Code   124  fdiv.o(.text)
    __aeabi_ui2f                             0x08000209   Thumb Code    10  ffltui.o(.text)
    __aeabi_f2d                              0x08000213   Thumb Code    38  f2d.o(.text)
    __aeabi_uidiv                            0x08000239   Thumb Code     0  uidiv.o(.text)
    __aeabi_uidivmod                         0x08000239   Thumb Code    44  uidiv.o(.text)
    __aeabi_uldivmod                         0x08000265   Thumb Code    98  uldiv.o(.text)
    __I$use$fp                               0x080002c7   Thumb Code     0  iusefp.o(.text)
    _float_round                             0x080002c7   Thumb Code    18  fepilogue.o(.text)
    _float_epilogue                          0x080002d9   Thumb Code    92  fepilogue.o(.text)
    __aeabi_dadd                             0x08000335   Thumb Code   322  dadd.o(.text)
    __aeabi_dsub                             0x08000477   Thumb Code     6  dadd.o(.text)
    __aeabi_drsub                            0x0800047d   Thumb Code     6  dadd.o(.text)
    __aeabi_dmul                             0x08000483   Thumb Code   228  dmul.o(.text)
    __aeabi_ddiv                             0x08000567   Thumb Code   222  ddiv.o(.text)
    __aeabi_d2ulz                            0x08000645   Thumb Code    48  dfixul.o(.text)
    __aeabi_cdrcmple                         0x08000675   Thumb Code    48  cdrcmple.o(.text)
    __scatterload                            0x080006a5   Thumb Code    28  init.o(.text)
    __scatterload_rt2                        0x080006a5   Thumb Code     0  init.o(.text)
    __aeabi_llsl                             0x080006c9   Thumb Code    30  llshl.o(.text)
    _ll_shift_l                              0x080006c9   Thumb Code     0  llshl.o(.text)
    __aeabi_lasr                             0x080006e7   Thumb Code    36  llsshr.o(.text)
    _ll_sshift_r                             0x080006e7   Thumb Code     0  llsshr.o(.text)
    _double_round                            0x0800070b   Thumb Code    30  depilogue.o(.text)
    _double_epilogue                         0x08000729   Thumb Code   156  depilogue.o(.text)
    BusFault_Handler                         0x080007c5   Thumb Code     4  stm32f1xx_it.o(i.BusFault_Handler)
    CAN1_RX1_IRQHandler                      0x080007c9   Thumb Code    10  stm32f1xx_it.o(i.CAN1_RX1_IRQHandler)
    CRC16_Cal                                0x080009fd   Thumb Code    58  crc16_ccitt.o(i.CRC16_Cal)
    DebugMon_Handler                         0x08000a37   Thumb Code     2  stm32f1xx_it.o(i.DebugMon_Handler)
    EXTI9_5_IRQHandler                       0x08000a39   Thumb Code    12  stm32f1xx_it.o(i.EXTI9_5_IRQHandler)
    HAL_CAN_ConfigFilter                     0x08000a45   Thumb Code   292  stm32f1xx_hal_can.o(i.HAL_CAN_ConfigFilter)
    HAL_CAN_ErrorCallback                    0x08000b69   Thumb Code    44  main.o(i.HAL_CAN_ErrorCallback)
    HAL_CAN_IRQHandler                       0x08000b95   Thumb Code   580  stm32f1xx_hal_can.o(i.HAL_CAN_IRQHandler)
    HAL_CAN_Init                             0x08000de9   Thumb Code   366  stm32f1xx_hal_can.o(i.HAL_CAN_Init)
    HAL_CAN_MspDeInit                        0x08000f59   Thumb Code    48  can.o(i.HAL_CAN_MspDeInit)
    HAL_CAN_MspInit                          0x08000f95   Thumb Code   144  can.o(i.HAL_CAN_MspInit)
    HAL_CAN_Receive                          0x08001035   Thumb Code   686  stm32f1xx_hal_can.o(i.HAL_CAN_Receive)
    HAL_CAN_Receive_IT                       0x080012e3   Thumb Code   268  stm32f1xx_hal_can.o(i.HAL_CAN_Receive_IT)
    HAL_CAN_RxCpltCallback                   0x080013f1   Thumb Code   894  main.o(i.HAL_CAN_RxCpltCallback)
    HAL_CAN_Transmit                         0x080017ad   Thumb Code   676  stm32f1xx_hal_can.o(i.HAL_CAN_Transmit)
    HAL_CAN_TxCpltCallback                   0x08001a5d   Thumb Code     2  stm32f1xx_hal_can.o(i.HAL_CAN_TxCpltCallback)
    HAL_CAN_WakeUp                           0x08001a5f   Thumb Code   140  stm32f1xx_hal_can.o(i.HAL_CAN_WakeUp)
    HAL_DMA_Abort                            0x08001aeb   Thumb Code    58  stm32f1xx_hal_dma.o(i.HAL_DMA_Abort)
    HAL_DMA_Abort_IT                         0x08001b25   Thumb Code   172  stm32f1xx_hal_dma.o(i.HAL_DMA_Abort_IT)
    HAL_Delay                                0x08001bd5   Thumb Code    30  stm32f1xx_hal.o(i.HAL_Delay)
    HAL_GPIO_DeInit                          0x08001bf5   Thumb Code   288  stm32f1xx_hal_gpio.o(i.HAL_GPIO_DeInit)
    HAL_GPIO_EXTI_Callback                   0x08001d2d   Thumb Code   190  main.o(i.HAL_GPIO_EXTI_Callback)
    HAL_GPIO_EXTI_IRQHandler                 0x08001e01   Thumb Code    24  stm32f1xx_hal_gpio.o(i.HAL_GPIO_EXTI_IRQHandler)
    HAL_GPIO_Init                            0x08001e1d   Thumb Code   764  stm32f1xx_hal_gpio.o(i.HAL_GPIO_Init)
    HAL_GetTick                              0x08002139   Thumb Code     6  stm32f1xx_hal.o(i.HAL_GetTick)
    HAL_I2C_GetError                         0x08002145   Thumb Code     6  stm32f1xx_hal_i2c.o(i.HAL_I2C_GetError)
    HAL_I2C_Init                             0x0800214d   Thumb Code   286  stm32f1xx_hal_i2c.o(i.HAL_I2C_Init)
    HAL_I2C_Master_Transmit                  0x08002275   Thumb Code   396  stm32f1xx_hal_i2c.o(i.HAL_I2C_Master_Transmit)
    HAL_I2C_MspInit                          0x08002409   Thumb Code    66  i2c.o(i.HAL_I2C_MspInit)
    HAL_IncTick                              0x08002459   Thumb Code    12  stm32f1xx_hal.o(i.HAL_IncTick)
    HAL_Init                                 0x08002469   Thumb Code    34  stm32f1xx_hal.o(i.HAL_Init)
    HAL_InitTick                             0x08002491   Thumb Code    36  stm32f1xx_hal.o(i.HAL_InitTick)
    HAL_MspInit                              0x080024b9   Thumb Code   140  stm32f1xx_hal_msp.o(i.HAL_MspInit)
    HAL_NVIC_DisableIRQ                      0x0800254d   Thumb Code    22  stm32f1xx_hal_cortex.o(i.HAL_NVIC_DisableIRQ)
    HAL_NVIC_EnableIRQ                       0x08002569   Thumb Code    26  stm32f1xx_hal_cortex.o(i.HAL_NVIC_EnableIRQ)
    HAL_NVIC_SetPriority                     0x08002583   Thumb Code   124  stm32f1xx_hal_cortex.o(i.HAL_NVIC_SetPriority)
    HAL_NVIC_SetPriorityGrouping             0x08002601   Thumb Code    32  stm32f1xx_hal_cortex.o(i.HAL_NVIC_SetPriorityGrouping)
    HAL_RCC_ClockConfig                      0x08002629   Thumb Code   402  stm32f1xx_hal_rcc.o(i.HAL_RCC_ClockConfig)
    HAL_RCC_GetHCLKFreq                      0x080027cd   Thumb Code     6  stm32f1xx_hal_rcc.o(i.HAL_RCC_GetHCLKFreq)
    HAL_RCC_GetPCLK1Freq                     0x080027d9   Thumb Code    22  stm32f1xx_hal_rcc.o(i.HAL_RCC_GetPCLK1Freq)
    HAL_RCC_GetPCLK2Freq                     0x080027f9   Thumb Code    22  stm32f1xx_hal_rcc.o(i.HAL_RCC_GetPCLK2Freq)
    HAL_RCC_GetSysClockFreq                  0x08002819   Thumb Code   118  stm32f1xx_hal_rcc.o(i.HAL_RCC_GetSysClockFreq)
    HAL_RCC_OscConfig                        0x080028b1   Thumb Code  1078  stm32f1xx_hal_rcc.o(i.HAL_RCC_OscConfig)
    HAL_SYSTICK_CLKSourceConfig              0x08002cf1   Thumb Code    40  stm32f1xx_hal_cortex.o(i.HAL_SYSTICK_CLKSourceConfig)
    HAL_SYSTICK_Callback                     0x08002d19   Thumb Code     2  stm32f1xx_hal_cortex.o(i.HAL_SYSTICK_Callback)
    HAL_SYSTICK_Config                       0x08002d1b   Thumb Code    52  stm32f1xx_hal_cortex.o(i.HAL_SYSTICK_Config)
    HAL_SYSTICK_IRQHandler                   0x08002d4f   Thumb Code     8  stm32f1xx_hal_cortex.o(i.HAL_SYSTICK_IRQHandler)
    HAL_TIMEx_BreakCallback                  0x08002d57   Thumb Code     2  stm32f1xx_hal_tim_ex.o(i.HAL_TIMEx_BreakCallback)
    HAL_TIMEx_CommutationCallback            0x08002d59   Thumb Code     2  stm32f1xx_hal_tim_ex.o(i.HAL_TIMEx_CommutationCallback)
    HAL_TIMEx_MasterConfigSynchronization    0x08002d5b   Thumb Code    98  stm32f1xx_hal_tim_ex.o(i.HAL_TIMEx_MasterConfigSynchronization)
    HAL_TIM_Base_Init                        0x08002dbd   Thumb Code    52  stm32f1xx_hal_tim.o(i.HAL_TIM_Base_Init)
    HAL_TIM_Base_MspInit                     0x08002df1   Thumb Code    58  tim.o(i.HAL_TIM_Base_MspInit)
    HAL_TIM_Base_Start_IT                    0x08002e31   Thumb Code    30  stm32f1xx_hal_tim.o(i.HAL_TIM_Base_Start_IT)
    HAL_TIM_Base_Stop_IT                     0x08002e4f   Thumb Code    56  stm32f1xx_hal_tim.o(i.HAL_TIM_Base_Stop_IT)
    HAL_TIM_ConfigClockSource                0x08002e87   Thumb Code   306  stm32f1xx_hal_tim.o(i.HAL_TIM_ConfigClockSource)
    HAL_TIM_IC_CaptureCallback               0x08002fb9   Thumb Code     2  stm32f1xx_hal_tim.o(i.HAL_TIM_IC_CaptureCallback)
    HAL_TIM_IRQHandler                       0x08002fbb   Thumb Code   406  stm32f1xx_hal_tim.o(i.HAL_TIM_IRQHandler)
    HAL_TIM_OC_DelayElapsedCallback          0x08003151   Thumb Code     2  stm32f1xx_hal_tim.o(i.HAL_TIM_OC_DelayElapsedCallback)
    HAL_TIM_PWM_PulseFinishedCallback        0x08003153   Thumb Code     2  stm32f1xx_hal_tim.o(i.HAL_TIM_PWM_PulseFinishedCallback)
    HAL_TIM_PeriodElapsedCallback            0x08003155   Thumb Code   140  main.o(i.HAL_TIM_PeriodElapsedCallback)
    HAL_TIM_TriggerCallback                  0x08003201   Thumb Code     2  stm32f1xx_hal_tim.o(i.HAL_TIM_TriggerCallback)
    HAL_UART_Abort                           0x08003203   Thumb Code   126  stm32f1xx_hal_uart.o(i.HAL_UART_Abort)
    HAL_UART_ErrorCallback                   0x08003281   Thumb Code    14  main.o(i.HAL_UART_ErrorCallback)
    HAL_UART_IRQHandler                      0x08003299   Thumb Code   326  stm32f1xx_hal_uart.o(i.HAL_UART_IRQHandler)
    HAL_UART_Init                            0x080033e5   Thumb Code   114  stm32f1xx_hal_uart.o(i.HAL_UART_Init)
    HAL_UART_MspInit                         0x08003459   Thumb Code   178  usart.o(i.HAL_UART_MspInit)
    HAL_UART_Receive                         0x0800351d   Thumb Code   222  stm32f1xx_hal_uart.o(i.HAL_UART_Receive)
    HAL_UART_Receive_IT                      0x080035fb   Thumb Code   112  stm32f1xx_hal_uart.o(i.HAL_UART_Receive_IT)
    HAL_UART_RxCpltCallback                  0x0800366d   Thumb Code    14  main.o(i.HAL_UART_RxCpltCallback)
    HAL_UART_Transmit                        0x08003685   Thumb Code   214  stm32f1xx_hal_uart.o(i.HAL_UART_Transmit)
    HAL_UART_TxCpltCallback                  0x0800375b   Thumb Code     2  stm32f1xx_hal_uart.o(i.HAL_UART_TxCpltCallback)
    HardFault_Handler                        0x0800375d   Thumb Code     4  stm32f1xx_it.o(i.HardFault_Handler)
    MX_CAN_Init                              0x08003a29   Thumb Code    66  can.o(i.MX_CAN_Init)
    MX_GPIO_Init                             0x08003a85   Thumb Code    98  gpio.o(i.MX_GPIO_Init)
    MX_I2C1_Init                             0x08003af5   Thumb Code    52  i2c.o(i.MX_I2C1_Init)
    MX_TIM2_Init                             0x08003b45   Thumb Code   102  tim.o(i.MX_TIM2_Init)
    MX_USART1_UART_Init                      0x08003bc1   Thumb Code    50  usart.o(i.MX_USART1_UART_Init)
    MX_USART2_UART_Init                      0x08003c0d   Thumb Code    50  usart.o(i.MX_USART2_UART_Init)
    MemManage_Handler                        0x08003c59   Thumb Code     4  stm32f1xx_it.o(i.MemManage_Handler)
    NMI_Handler                              0x08003c5d   Thumb Code     2  stm32f1xx_it.o(i.NMI_Handler)
    OLED_Clear                               0x08003c99   Thumb Code    62  oled.o(i.OLED_Clear)
    OLED_Init                                0x08003cd7   Thumb Code   208  oled.o(i.OLED_Init)
    OLED_Set_Pos                             0x08003da7   Thumb Code    40  oled.o(i.OLED_Set_Pos)
    OLED_ShowChar                            0x08003dd1   Thumb Code    84  oled.o(i.OLED_ShowChar)
    OLED_ShowString                          0x08003e29   Thumb Code    58  oled.o(i.OLED_ShowString)
    OLED_WR_Byte                             0x08003e63   Thumb Code    32  oled.o(i.OLED_WR_Byte)
    PendSV_Handler                           0x08003e83   Thumb Code     2  stm32f1xx_it.o(i.PendSV_Handler)
    SVC_Handler                              0x08003ead   Thumb Code     2  stm32f1xx_it.o(i.SVC_Handler)
    Single_WriteI2C                          0x08003eb1   Thumb Code    58  i2c.o(i.Single_WriteI2C)
    SysTick_Handler                          0x08003ef1   Thumb Code    12  stm32f1xx_it.o(i.SysTick_Handler)
    SystemClock_Config                       0x08003efd   Thumb Code   128  main.o(i.SystemClock_Config)
    SystemInit                               0x08003f8d   Thumb Code    70  system_stm32f1xx.o(i.SystemInit)
    TIM2_IRQHandler                          0x08003fe5   Thumb Code    10  stm32f1xx_it.o(i.TIM2_IRQHandler)
    TIM_Base_SetConfig                       0x08003ff5   Thumb Code   102  stm32f1xx_hal_tim.o(i.TIM_Base_SetConfig)
    USART2_IRQHandler                        0x08004481   Thumb Code    10  stm32f1xx_it.o(i.USART2_IRQHandler)
    USB_LP_CAN1_RX0_IRQHandler               0x08004491   Thumb Code    10  stm32f1xx_it.o(i.USB_LP_CAN1_RX0_IRQHandler)
    UpdateCRC                                0x080044a1   Thumb Code    52  crc16_ccitt.o(i.UpdateCRC)
    UsageFault_Handler                       0x080044d5   Thumb Code     4  stm32f1xx_it.o(i.UsageFault_Handler)
    _Error_Handler                           0x080044d9   Thumb Code     4  main.o(i._Error_Handler)
    __0sprintf                               0x080044dd   Thumb Code    34  printfa.o(i.__0sprintf)
    __1sprintf                               0x080044dd   Thumb Code     0  printfa.o(i.__0sprintf)
    __2sprintf                               0x080044dd   Thumb Code     0  printfa.o(i.__0sprintf)
    __c89sprintf                             0x080044dd   Thumb Code     0  printfa.o(i.__0sprintf)
    sprintf                                  0x080044dd   Thumb Code     0  printfa.o(i.__0sprintf)
    __scatterload_copy                       0x08004505   Thumb Code    14  handlers.o(i.__scatterload_copy)
    __scatterload_null                       0x08004513   Thumb Code     2  handlers.o(i.__scatterload_null)
    __scatterload_zeroinit                   0x08004515   Thumb Code    14  handlers.o(i.__scatterload_zeroinit)
    continuous_Stop                          0x08004de1   Thumb Code    66  sensor.o(i.continuous_Stop)
    main                                     0x08004e31   Thumb Code   874  main.o(i.main)
    packet_parser                            0x080051f9   Thumb Code    84  sensor.o(i.packet_parser)
    sensor_continuous_start                  0x0800524d   Thumb Code    36  sensor.o(i.sensor_continuous_start)
    sensor_get_DeviceInfo                    0x0800527d   Thumb Code    84  sensor.o(i.sensor_get_DeviceInfo)
    uart1_read                               0x080052dd   Thumb Code    30  usart.o(i.uart1_read)
    uart1_write                              0x08005301   Thumb Code    20  usart.o(i.uart1_write)
    uart2_read                               0x08005319   Thumb Code    30  usart.o(i.uart2_read)
    uart2_write                              0x0800533d   Thumb Code    20  usart.o(i.uart2_write)
    F6x8                                     0x08005354   Data         552  oled.o(.constdata)
    AHBPrescTable                            0x0800557c   Data          16  system_stm32f1xx.o(.constdata)
    APBPrescTable                            0x0800558c   Data           8  system_stm32f1xx.o(.constdata)
    Region$$Table$$Base                      0x08005594   Number         0  anon$$obj.o(Region$$Table)
    Region$$Table$$Limit                     0x080055b4   Number         0  anon$$obj.o(Region$$Table)
    sensorID_CAN                             0x20000000   Data           1  main.o(.data)
    dist                                     0x20000002   Data           2  main.o(.data)
    mag                                      0x20000004   Data           4  main.o(.data)
    ambient                                  0x20000008   Data           1  main.o(.data)
    uart2_rx_done                            0x20000009   Data           1  main.o(.data)
    dev                                      0x2000000a   Data           6  main.o(.data)
    SystemCoreClock                          0x20000010   Data           4  system_stm32f1xx.o(.data)
    uwTick                                   0x20000014   Data           4  stm32f1xx_hal.o(.data)
    TxMessage                                0x20000018   Data          28  main.o(.bss)
    RxMessage                                0x20000034   Data          36  main.o(.bss)
    buff                                     0x20000058   Data          32  main.o(.bss)
    huart1                                   0x20000078   Data          64  usart.o(.bss)
    huart2                                   0x200000b8   Data          64  usart.o(.bss)
    hcan                                     0x200000f8   Data          68  can.o(.bss)
    hi2c1                                    0x2000013c   Data          84  i2c.o(.bss)
    htim2                                    0x20000190   Data          64  tim.o(.bss)
    __initial_sp                             0x200005d0   Data           0  startup_stm32f103xb.o(STACK)



==============================================================================

Memory Map of the image

  Image Entry point : 0x080000ed

  Load Region LR_IROM1 (Base: 0x08000000, Size: 0x000055cc, Max: 0x00020000, ABSOLUTE)

    Execution Region ER_IROM1 (Exec base: 0x08000000, Load base: 0x08000000, Size: 0x000055b4, Max: 0x00020000, ABSOLUTE)

    Exec Addr    Load Addr    Size         Type   Attr      Idx    E Section Name        Object

    0x08000000   0x08000000   0x000000ec   Data   RO          922    RESET               startup_stm32f103xb.o
    0x080000ec   0x080000ec   0x00000000   Code   RO         3632  * .ARM.Collect$$$$00000000  mc_w.l(entry.o)
    0x080000ec   0x080000ec   0x00000004   Code   RO         3918    .ARM.Collect$$$$00000001  mc_w.l(entry2.o)
    0x080000f0   0x080000f0   0x00000004   Code   RO         3921    .ARM.Collect$$$$00000004  mc_w.l(entry5.o)
    0x080000f4   0x080000f4   0x00000000   Code   RO         3923    .ARM.Collect$$$$00000008  mc_w.l(entry7b.o)
    0x080000f4   0x080000f4   0x00000000   Code   RO         3925    .ARM.Collect$$$$0000000A  mc_w.l(entry8b.o)
    0x080000f4   0x080000f4   0x00000008   Code   RO         3926    .ARM.Collect$$$$0000000B  mc_w.l(entry9a.o)
    0x080000fc   0x080000fc   0x00000000   Code   RO         3928    .ARM.Collect$$$$0000000D  mc_w.l(entry10a.o)
    0x080000fc   0x080000fc   0x00000000   Code   RO         3930    .ARM.Collect$$$$0000000F  mc_w.l(entry11a.o)
    0x080000fc   0x080000fc   0x00000004   Code   RO         3919    .ARM.Collect$$$$00002712  mc_w.l(entry2.o)
    0x08000100   0x08000100   0x00000024   Code   RO          923    .text               startup_stm32f103xb.o
    0x08000124   0x08000124   0x00000020   Code   RO         3635    .text               mc_w.l(llushr.o)
    0x08000144   0x08000144   0x00000024   Code   RO         3637    .text               mc_w.l(memcpya.o)
    0x08000168   0x08000168   0x00000024   Code   RO         3639    .text               mc_w.l(memseta.o)
    0x0800018c   0x0800018c   0x0000007c   Code   RO         3910    .text               mf_w.l(fdiv.o)
    0x08000208   0x08000208   0x0000000a   Code   RO         3912    .text               mf_w.l(ffltui.o)
    0x08000212   0x08000212   0x00000026   Code   RO         3916    .text               mf_w.l(f2d.o)
    0x08000238   0x08000238   0x0000002c   Code   RO         3935    .text               mc_w.l(uidiv.o)
    0x08000264   0x08000264   0x00000062   Code   RO         3937    .text               mc_w.l(uldiv.o)
    0x080002c6   0x080002c6   0x00000000   Code   RO         3939    .text               mc_w.l(iusefp.o)
    0x080002c6   0x080002c6   0x0000006e   Code   RO         3940    .text               mf_w.l(fepilogue.o)
    0x08000334   0x08000334   0x0000014e   Code   RO         3942    .text               mf_w.l(dadd.o)
    0x08000482   0x08000482   0x000000e4   Code   RO         3944    .text               mf_w.l(dmul.o)
    0x08000566   0x08000566   0x000000de   Code   RO         3946    .text               mf_w.l(ddiv.o)
    0x08000644   0x08000644   0x00000030   Code   RO         3948    .text               mf_w.l(dfixul.o)
    0x08000674   0x08000674   0x00000030   Code   RO         3950    .text               mf_w.l(cdrcmple.o)
    0x080006a4   0x080006a4   0x00000024   Code   RO         3952    .text               mc_w.l(init.o)
    0x080006c8   0x080006c8   0x0000001e   Code   RO         3955    .text               mc_w.l(llshl.o)
    0x080006e6   0x080006e6   0x00000024   Code   RO         3957    .text               mc_w.l(llsshr.o)
    0x0800070a   0x0800070a   0x000000ba   Code   RO         3960    .text               mf_w.l(depilogue.o)
    0x080007c4   0x080007c4   0x00000004   Code   RO          403    i.BusFault_Handler  stm32f1xx_it.o
    0x080007c8   0x080007c8   0x00000010   Code   RO          404    i.CAN1_RX1_IRQHandler  stm32f1xx_it.o
    0x080007d8   0x080007d8   0x000001c2   Code   RO         3240    i.CAN_Receive_IT    stm32f1xx_hal_can.o
    0x0800099a   0x0800099a   0x00000062   Code   RO         3241    i.CAN_Transmit_IT   stm32f1xx_hal_can.o
    0x080009fc   0x080009fc   0x0000003a   Code   RO          644    i.CRC16_Cal         crc16_ccitt.o
    0x08000a36   0x08000a36   0x00000002   Code   RO          405    i.DebugMon_Handler  stm32f1xx_it.o
    0x08000a38   0x08000a38   0x0000000c   Code   RO          406    i.EXTI9_5_IRQHandler  stm32f1xx_it.o
    0x08000a44   0x08000a44   0x00000124   Code   RO         3242    i.HAL_CAN_ConfigFilter  stm32f1xx_hal_can.o
    0x08000b68   0x08000b68   0x0000002c   Code   RO            4    i.HAL_CAN_ErrorCallback  main.o
    0x08000b94   0x08000b94   0x00000254   Code   RO         3247    i.HAL_CAN_IRQHandler  stm32f1xx_hal_can.o
    0x08000de8   0x08000de8   0x0000016e   Code   RO         3248    i.HAL_CAN_Init      stm32f1xx_hal_can.o
    0x08000f56   0x08000f56   0x00000002   PAD
    0x08000f58   0x08000f58   0x0000003c   Code   RO          277    i.HAL_CAN_MspDeInit  can.o
    0x08000f94   0x08000f94   0x000000a0   Code   RO          278    i.HAL_CAN_MspInit   can.o
    0x08001034   0x08001034   0x000002ae   Code   RO         3251    i.HAL_CAN_Receive   stm32f1xx_hal_can.o
    0x080012e2   0x080012e2   0x0000010c   Code   RO         3252    i.HAL_CAN_Receive_IT  stm32f1xx_hal_can.o
    0x080013ee   0x080013ee   0x00000002   PAD
    0x080013f0   0x080013f0   0x000003bc   Code   RO            5    i.HAL_CAN_RxCpltCallback  main.o
    0x080017ac   0x080017ac   0x000002b0   Code   RO         3255    i.HAL_CAN_Transmit  stm32f1xx_hal_can.o
    0x08001a5c   0x08001a5c   0x00000002   Code   RO         3257    i.HAL_CAN_TxCpltCallback  stm32f1xx_hal_can.o
    0x08001a5e   0x08001a5e   0x0000008c   Code   RO         3258    i.HAL_CAN_WakeUp    stm32f1xx_hal_can.o
    0x08001aea   0x08001aea   0x0000003a   Code   RO         3146    i.HAL_DMA_Abort     stm32f1xx_hal_dma.o
    0x08001b24   0x08001b24   0x000000b0   Code   RO         3147    i.HAL_DMA_Abort_IT  stm32f1xx_hal_dma.o
    0x08001bd4   0x08001bd4   0x0000001e   Code   RO         1803    i.HAL_Delay         stm32f1xx_hal.o
    0x08001bf2   0x08001bf2   0x00000002   PAD
    0x08001bf4   0x08001bf4   0x00000138   Code   RO         1730    i.HAL_GPIO_DeInit   stm32f1xx_hal_gpio.o
    0x08001d2c   0x08001d2c   0x000000d4   Code   RO            6    i.HAL_GPIO_EXTI_Callback  main.o
    0x08001e00   0x08001e00   0x0000001c   Code   RO         1732    i.HAL_GPIO_EXTI_IRQHandler  stm32f1xx_hal_gpio.o
    0x08001e1c   0x08001e1c   0x0000031c   Code   RO         1733    i.HAL_GPIO_Init     stm32f1xx_hal_gpio.o
    0x08002138   0x08002138   0x0000000c   Code   RO         1807    i.HAL_GetTick       stm32f1xx_hal.o
    0x08002144   0x08002144   0x00000006   Code   RO          974    i.HAL_I2C_GetError  stm32f1xx_hal_i2c.o
    0x0800214a   0x0800214a   0x00000002   PAD
    0x0800214c   0x0800214c   0x00000128   Code   RO          977    i.HAL_I2C_Init      stm32f1xx_hal_i2c.o
    0x08002274   0x08002274   0x00000194   Code   RO          988    i.HAL_I2C_Master_Transmit  stm32f1xx_hal_i2c.o
    0x08002408   0x08002408   0x00000050   Code   RO          344    i.HAL_I2C_MspInit   i2c.o
    0x08002458   0x08002458   0x00000010   Code   RO         1809    i.HAL_IncTick       stm32f1xx_hal.o
    0x08002468   0x08002468   0x00000028   Code   RO         1810    i.HAL_Init          stm32f1xx_hal.o
    0x08002490   0x08002490   0x00000028   Code   RO         1811    i.HAL_InitTick      stm32f1xx_hal.o
    0x080024b8   0x080024b8   0x00000094   Code   RO          509    i.HAL_MspInit       stm32f1xx_hal_msp.o
    0x0800254c   0x0800254c   0x0000001c   Code   RO         3478    i.HAL_NVIC_DisableIRQ  stm32f1xx_hal_cortex.o
    0x08002568   0x08002568   0x0000001a   Code   RO         3479    i.HAL_NVIC_EnableIRQ  stm32f1xx_hal_cortex.o
    0x08002582   0x08002582   0x0000007c   Code   RO         3485    i.HAL_NVIC_SetPriority  stm32f1xx_hal_cortex.o
    0x080025fe   0x080025fe   0x00000002   PAD
    0x08002600   0x08002600   0x00000028   Code   RO         3486    i.HAL_NVIC_SetPriorityGrouping  stm32f1xx_hal_cortex.o
    0x08002628   0x08002628   0x000001a4   Code   RO         3371    i.HAL_RCC_ClockConfig  stm32f1xx_hal_rcc.o
    0x080027cc   0x080027cc   0x0000000c   Code   RO         3376    i.HAL_RCC_GetHCLKFreq  stm32f1xx_hal_rcc.o
    0x080027d8   0x080027d8   0x00000020   Code   RO         3378    i.HAL_RCC_GetPCLK1Freq  stm32f1xx_hal_rcc.o
    0x080027f8   0x080027f8   0x00000020   Code   RO         3379    i.HAL_RCC_GetPCLK2Freq  stm32f1xx_hal_rcc.o
    0x08002818   0x08002818   0x00000098   Code   RO         3380    i.HAL_RCC_GetSysClockFreq  stm32f1xx_hal_rcc.o
    0x080028b0   0x080028b0   0x00000440   Code   RO         3383    i.HAL_RCC_OscConfig  stm32f1xx_hal_rcc.o
    0x08002cf0   0x08002cf0   0x00000028   Code   RO         3488    i.HAL_SYSTICK_CLKSourceConfig  stm32f1xx_hal_cortex.o
    0x08002d18   0x08002d18   0x00000002   Code   RO         3489    i.HAL_SYSTICK_Callback  stm32f1xx_hal_cortex.o
    0x08002d1a   0x08002d1a   0x00000034   Code   RO         3490    i.HAL_SYSTICK_Config  stm32f1xx_hal_cortex.o
    0x08002d4e   0x08002d4e   0x00000008   Code   RO         3491    i.HAL_SYSTICK_IRQHandler  stm32f1xx_hal_cortex.o
    0x08002d56   0x08002d56   0x00000002   Code   RO         2146    i.HAL_TIMEx_BreakCallback  stm32f1xx_hal_tim_ex.o
    0x08002d58   0x08002d58   0x00000002   Code   RO         2147    i.HAL_TIMEx_CommutationCallback  stm32f1xx_hal_tim_ex.o
    0x08002d5a   0x08002d5a   0x00000062   Code   RO         2163    i.HAL_TIMEx_MasterConfigSynchronization  stm32f1xx_hal_tim_ex.o
    0x08002dbc   0x08002dbc   0x00000034   Code   RO         2381    i.HAL_TIM_Base_Init  stm32f1xx_hal_tim.o
    0x08002df0   0x08002df0   0x00000040   Code   RO          845    i.HAL_TIM_Base_MspInit  tim.o
    0x08002e30   0x08002e30   0x0000001e   Code   RO         2386    i.HAL_TIM_Base_Start_IT  stm32f1xx_hal_tim.o
    0x08002e4e   0x08002e4e   0x00000038   Code   RO         2389    i.HAL_TIM_Base_Stop_IT  stm32f1xx_hal_tim.o
    0x08002e86   0x08002e86   0x00000132   Code   RO         2390    i.HAL_TIM_ConfigClockSource  stm32f1xx_hal_tim.o
    0x08002fb8   0x08002fb8   0x00000002   Code   RO         2410    i.HAL_TIM_IC_CaptureCallback  stm32f1xx_hal_tim.o
    0x08002fba   0x08002fba   0x00000196   Code   RO         2423    i.HAL_TIM_IRQHandler  stm32f1xx_hal_tim.o
    0x08003150   0x08003150   0x00000002   Code   RO         2426    i.HAL_TIM_OC_DelayElapsedCallback  stm32f1xx_hal_tim.o
    0x08003152   0x08003152   0x00000002   Code   RO         2453    i.HAL_TIM_PWM_PulseFinishedCallback  stm32f1xx_hal_tim.o
    0x08003154   0x08003154   0x000000ac   Code   RO            7    i.HAL_TIM_PeriodElapsedCallback  main.o
    0x08003200   0x08003200   0x00000002   Code   RO         2464    i.HAL_TIM_TriggerCallback  stm32f1xx_hal_tim.o
    0x08003202   0x08003202   0x0000007e   Code   RO         1407    i.HAL_UART_Abort    stm32f1xx_hal_uart.o
    0x08003280   0x08003280   0x00000018   Code   RO            8    i.HAL_UART_ErrorCallback  main.o
    0x08003298   0x08003298   0x0000014c   Code   RO         1423    i.HAL_UART_IRQHandler  stm32f1xx_hal_uart.o
    0x080033e4   0x080033e4   0x00000072   Code   RO         1424    i.HAL_UART_Init     stm32f1xx_hal_uart.o
    0x08003456   0x08003456   0x00000002   PAD
    0x08003458   0x08003458   0x000000c4   Code   RO          206    i.HAL_UART_MspInit  usart.o
    0x0800351c   0x0800351c   0x000000de   Code   RO         1427    i.HAL_UART_Receive  stm32f1xx_hal_uart.o
    0x080035fa   0x080035fa   0x00000070   Code   RO         1429    i.HAL_UART_Receive_IT  stm32f1xx_hal_uart.o
    0x0800366a   0x0800366a   0x00000002   PAD
    0x0800366c   0x0800366c   0x00000018   Code   RO            9    i.HAL_UART_RxCpltCallback  main.o
    0x08003684   0x08003684   0x000000d6   Code   RO         1432    i.HAL_UART_Transmit  stm32f1xx_hal_uart.o
    0x0800375a   0x0800375a   0x00000002   Code   RO         1435    i.HAL_UART_TxCpltCallback  stm32f1xx_hal_uart.o
    0x0800375c   0x0800375c   0x00000004   Code   RO          407    i.HardFault_Handler  stm32f1xx_it.o
    0x08003760   0x08003760   0x00000034   Code   RO         1015    i.I2C_IsAcknowledgeFailed  stm32f1xx_hal_i2c.o
    0x08003794   0x08003794   0x000000c0   Code   RO         1019    i.I2C_MasterRequestWrite  stm32f1xx_hal_i2c.o
    0x08003854   0x08003854   0x00000056   Code   RO         1034    i.I2C_WaitOnBTFFlagUntilTimeout  stm32f1xx_hal_i2c.o
    0x080038aa   0x080038aa   0x0000007c   Code   RO         1035    i.I2C_WaitOnFlagUntilTimeout  stm32f1xx_hal_i2c.o
    0x08003926   0x08003926   0x000000ac   Code   RO         1036    i.I2C_WaitOnMasterAddressFlagUntilTimeout  stm32f1xx_hal_i2c.o
    0x080039d2   0x080039d2   0x00000056   Code   RO         1039    i.I2C_WaitOnTXEFlagUntilTimeout  stm32f1xx_hal_i2c.o
    0x08003a28   0x08003a28   0x0000005c   Code   RO          279    i.MX_CAN_Init       can.o
    0x08003a84   0x08003a84   0x00000070   Code   RO          319    i.MX_GPIO_Init      gpio.o
    0x08003af4   0x08003af4   0x00000050   Code   RO          345    i.MX_I2C1_Init      i2c.o
    0x08003b44   0x08003b44   0x0000007c   Code   RO          846    i.MX_TIM2_Init      tim.o
    0x08003bc0   0x08003bc0   0x0000004c   Code   RO          207    i.MX_USART1_UART_Init  usart.o
    0x08003c0c   0x08003c0c   0x0000004c   Code   RO          208    i.MX_USART2_UART_Init  usart.o
    0x08003c58   0x08003c58   0x00000004   Code   RO          408    i.MemManage_Handler  stm32f1xx_it.o
    0x08003c5c   0x08003c5c   0x00000002   Code   RO          409    i.NMI_Handler       stm32f1xx_it.o
    0x08003c5e   0x08003c5e   0x00000002   PAD
    0x08003c60   0x08003c60   0x00000010   Code   RO         3492    i.NVIC_GetPriorityGrouping  stm32f1xx_hal_cortex.o
    0x08003c70   0x08003c70   0x00000028   Code   RO         3493    i.NVIC_SetPriority  stm32f1xx_hal_cortex.o
    0x08003c98   0x08003c98   0x0000003e   Code   RO          533    i.OLED_Clear        oled.o
    0x08003cd6   0x08003cd6   0x000000d0   Code   RO          537    i.OLED_Init         oled.o
    0x08003da6   0x08003da6   0x00000028   Code   RO          539    i.OLED_Set_Pos      oled.o
    0x08003dce   0x08003dce   0x00000002   PAD
    0x08003dd0   0x08003dd0   0x00000058   Code   RO          540    i.OLED_ShowChar     oled.o
    0x08003e28   0x08003e28   0x0000003a   Code   RO          542    i.OLED_ShowString   oled.o
    0x08003e62   0x08003e62   0x00000020   Code   RO          543    i.OLED_WR_Byte      oled.o
    0x08003e82   0x08003e82   0x00000002   Code   RO          410    i.PendSV_Handler    stm32f1xx_it.o
    0x08003e84   0x08003e84   0x00000028   Code   RO         3384    i.RCC_Delay         stm32f1xx_hal_rcc.o
    0x08003eac   0x08003eac   0x00000002   Code   RO          411    i.SVC_Handler       stm32f1xx_it.o
    0x08003eae   0x08003eae   0x00000002   PAD
    0x08003eb0   0x08003eb0   0x00000040   Code   RO          348    i.Single_WriteI2C   i2c.o
    0x08003ef0   0x08003ef0   0x0000000c   Code   RO          412    i.SysTick_Handler   stm32f1xx_it.o
    0x08003efc   0x08003efc   0x00000090   Code   RO           10    i.SystemClock_Config  main.o
    0x08003f8c   0x08003f8c   0x00000058   Code   RO          887    i.SystemInit        system_stm32f1xx.o
    0x08003fe4   0x08003fe4   0x00000010   Code   RO          413    i.TIM2_IRQHandler   stm32f1xx_it.o
    0x08003ff4   0x08003ff4   0x00000074   Code   RO         2465    i.TIM_Base_SetConfig  stm32f1xx_hal_tim.o
    0x08004068   0x08004068   0x00000018   Code   RO         2472    i.TIM_ETR_SetConfig  stm32f1xx_hal_tim.o
    0x08004080   0x08004080   0x00000014   Code   RO         2473    i.TIM_ITRx_SetConfig  stm32f1xx_hal_tim.o
    0x08004094   0x08004094   0x0000002a   Code   RO         2479    i.TIM_TI1_ConfigInputStage  stm32f1xx_hal_tim.o
    0x080040be   0x080040be   0x0000002c   Code   RO         2481    i.TIM_TI2_ConfigInputStage  stm32f1xx_hal_tim.o
    0x080040ea   0x080040ea   0x00000014   Code   RO         1437    i.UART_DMAAbortOnError  stm32f1xx_hal_uart.o
    0x080040fe   0x080040fe   0x00000020   Code   RO         1447    i.UART_EndRxTransfer  stm32f1xx_hal_uart.o
    0x0800411e   0x0800411e   0x00000020   Code   RO         1448    i.UART_EndTransmit_IT  stm32f1xx_hal_uart.o
    0x0800413e   0x0800413e   0x000000a6   Code   RO         1450    i.UART_Receive_IT   stm32f1xx_hal_uart.o
    0x080041e4   0x080041e4   0x000001c8   Code   RO         1451    i.UART_SetConfig    stm32f1xx_hal_uart.o
    0x080043ac   0x080043ac   0x00000068   Code   RO         1452    i.UART_Transmit_IT  stm32f1xx_hal_uart.o
    0x08004414   0x08004414   0x0000006c   Code   RO         1453    i.UART_WaitOnFlagUntilTimeout  stm32f1xx_hal_uart.o
    0x08004480   0x08004480   0x00000010   Code   RO          414    i.USART2_IRQHandler  stm32f1xx_it.o
    0x08004490   0x08004490   0x00000010   Code   RO          415    i.USB_LP_CAN1_RX0_IRQHandler  stm32f1xx_it.o
    0x080044a0   0x080044a0   0x00000034   Code   RO          645    i.UpdateCRC         crc16_ccitt.o
    0x080044d4   0x080044d4   0x00000004   Code   RO          416    i.UsageFault_Handler  stm32f1xx_it.o
    0x080044d8   0x080044d8   0x00000004   Code   RO           11    i._Error_Handler    main.o
    0x080044dc   0x080044dc   0x00000028   Code   RO         3880    i.__0sprintf        mc_w.l(printfa.o)
    0x08004504   0x08004504   0x0000000e   Code   RO         3964    i.__scatterload_copy  mc_w.l(handlers.o)
    0x08004512   0x08004512   0x00000002   Code   RO         3965    i.__scatterload_null  mc_w.l(handlers.o)
    0x08004514   0x08004514   0x0000000e   Code   RO         3966    i.__scatterload_zeroinit  mc_w.l(handlers.o)
    0x08004522   0x08004522   0x00000002   PAD
    0x08004524   0x08004524   0x00000184   Code   RO         3885    i._fp_digits        mc_w.l(printfa.o)
    0x080046a8   0x080046a8   0x000006dc   Code   RO         3886    i._printf_core      mc_w.l(printfa.o)
    0x08004d84   0x08004d84   0x00000024   Code   RO         3887    i._printf_post_padding  mc_w.l(printfa.o)
    0x08004da8   0x08004da8   0x0000002e   Code   RO         3888    i._printf_pre_padding  mc_w.l(printfa.o)
    0x08004dd6   0x08004dd6   0x0000000a   Code   RO         3890    i._sputc            mc_w.l(printfa.o)
    0x08004de0   0x08004de0   0x00000050   Code   RO          668    i.continuous_Stop   sensor.o
    0x08004e30   0x08004e30   0x000003c8   Code   RO           12    i.main              main.o
    0x080051f8   0x080051f8   0x00000054   Code   RO          670    i.packet_parser     sensor.o
    0x0800524c   0x0800524c   0x00000030   Code   RO          675    i.sensor_continuous_start  sensor.o
    0x0800527c   0x0800527c   0x00000060   Code   RO          676    i.sensor_get_DeviceInfo  sensor.o
    0x080052dc   0x080052dc   0x00000024   Code   RO          209    i.uart1_read        usart.o
    0x08005300   0x08005300   0x00000018   Code   RO          210    i.uart1_write       usart.o
    0x08005318   0x08005318   0x00000024   Code   RO          211    i.uart2_read        usart.o
    0x0800533c   0x0800533c   0x00000018   Code   RO          212    i.uart2_write       usart.o
    0x08005354   0x08005354   0x00000228   Data   RO          548    .constdata          oled.o
    0x0800557c   0x0800557c   0x00000018   Data   RO          888    .constdata          system_stm32f1xx.o
    0x08005594   0x08005594   0x00000020   Data   RO         3962    Region$$Table       anon$$obj.o


    Execution Region RW_IRAM1 (Exec base: 0x20000000, Load base: 0x080055b4, Size: 0x000005d0, Max: 0x00005000, ABSOLUTE)

    Exec Addr    Load Addr    Size         Type   Attr      Idx    E Section Name        Object

    0x20000000   0x080055b4   0x00000010   Data   RW           15    .data               main.o
    0x20000010   0x080055c4   0x00000004   Data   RW          889    .data               system_stm32f1xx.o
    0x20000014   0x080055c8   0x00000004   Data   RW         1816    .data               stm32f1xx_hal.o
    0x20000018        -       0x00000060   Zero   RW           13    .bss                main.o
    0x20000078        -       0x00000080   Zero   RW          213    .bss                usart.o
    0x200000f8        -       0x00000044   Zero   RW          280    .bss                can.o
    0x2000013c        -       0x00000054   Zero   RW          349    .bss                i2c.o
    0x20000190        -       0x00000040   Zero   RW          847    .bss                tim.o
    0x200001d0        -       0x00000400   Zero   RW          920    STACK               startup_stm32f103xb.o


==============================================================================

Image component sizes


      Code (inc. data)   RO Data    RW Data    ZI Data      Debug   Object Name

       312         54          0          0         68       1999   can.o
       110          0          0          0          0       1492   crc16_ccitt.o
       112         14          0          0          0        791   gpio.o
       224         48          0          0         84       2183   i2c.o
      2548        246          0         16         96     456819   main.o
       488          4        552          0          0       4196   oled.o
       308         38          0          0          0       2912   sensor.o
        36          8        236          0       1024        752   startup_stm32f103xb.o
       138         20          0          4          0       3519   stm32f1xx_hal.o
      3586         28          0          0          0       8739   stm32f1xx_hal_can.o
       376         28          0          0          0      28251   stm32f1xx_hal_cortex.o
       234          4          0          0          0       1631   stm32f1xx_hal_dma.o
      1136         60          0          0          0       3433   stm32f1xx_hal_gpio.o
      1418         24          0          0          0       8044   stm32f1xx_hal_i2c.o
       148          8          0          0          0        802   stm32f1xx_hal_msp.o
      1776        110          0          0          0       5772   stm32f1xx_hal_rcc.o
      1104         14          0          0          0       9318   stm32f1xx_hal_tim.o
       102          0          0          0          0       2170   stm32f1xx_hal_tim_ex.o
      2040         12          0          0          0      10246   stm32f1xx_hal_uart.o
       112         24          0          0          0       5828   stm32f1xx_it.o
        88         18         24          4          0       1099   system_stm32f1xx.o
       188         28          0          0         64       1510   tim.o
       468         90          0          0        128       4293   usart.o

    ----------------------------------------------------------------------
     17072        880        844         24       1464     565799   Object Totals
         0          0         32          0          0          0   (incl. Generated)
        20          0          0          0          0          0   (incl. Padding)

    ----------------------------------------------------------------------

      Code (inc. data)   RO Data    RW Data    ZI Data      Debug   Library Member Name

         0          0          0          0          0          0   entry.o
         0          0          0          0          0          0   entry10a.o
         0          0          0          0          0          0   entry11a.o
         8          4          0          0          0          0   entry2.o
         4          0          0          0          0          0   entry5.o
         0          0          0          0          0          0   entry7b.o
         0          0          0          0          0          0   entry8b.o
         8          4          0          0          0          0   entry9a.o
        30          0          0          0          0          0   handlers.o
        36          8          0          0          0         68   init.o
         0          0          0          0          0          0   iusefp.o
        30          0          0          0          0         68   llshl.o
        36          0          0          0          0         68   llsshr.o
        32          0          0          0          0         68   llushr.o
        36          0          0          0          0         68   memcpya.o
        36          0          0          0          0        108   memseta.o
      2276         86          0          0          0        520   printfa.o
        44          0          0          0          0         80   uidiv.o
        98          0          0          0          0         92   uldiv.o
        48          0          0          0          0         68   cdrcmple.o
       334          0          0          0          0        148   dadd.o
       222          0          0          0          0        100   ddiv.o
       186          0          0          0          0        176   depilogue.o
        48          0          0          0          0         68   dfixul.o
       228          0          0          0          0         96   dmul.o
        38          0          0          0          0         68   f2d.o
       124          0          0          0          0         88   fdiv.o
       110          0          0          0          0        168   fepilogue.o
        10          0          0          0          0         68   ffltui.o

    ----------------------------------------------------------------------
      4024        102          0          0          0       2188   Library Totals
         2          0          0          0          0          0   (incl. Padding)

    ----------------------------------------------------------------------

      Code (inc. data)   RO Data    RW Data    ZI Data      Debug   Library Name

      2674        102          0          0          0       1140   mc_w.l
      1348          0          0          0          0       1048   mf_w.l

    ----------------------------------------------------------------------
      4024        102          0          0          0       2188   Library Totals

    ----------------------------------------------------------------------

==============================================================================


      Code (inc. data)   RO Data    RW Data    ZI Data      Debug   

     21096        982        844         24       1464     560495   Grand Totals
     21096        982        844         24       1464     560495   ELF Image Totals
     21096        982        844         24          0          0   ROM Totals

==============================================================================

    Total RO  Size (Code + RO Data)                21940 (  21.43kB)
    Total RW  Size (RW Data + ZI Data)              1488 (   1.45kB)
    Total ROM Size (Code + RO Data + RW Data)      21964 (  21.45kB)

==============================================================================

